May  9 11:22:07 ubuntu syslogd 1.5.0#5ubuntu3: restart.
May  9 11:22:09 ubuntu kernel: Cannot find map file.
May  9 11:22:09 ubuntu kernel: Loaded 20944 symbols from 1 module.
May  9 11:22:09 ubuntu kernel: Linux version 2.6.28-6-versatile (buildd@kahikatea) (gcc version 4.3.3 (Ubuntu 4.3.3-3ubuntu1) ) #17-Ubuntu Fri Jan 30 19:18:31 UTC 2009 (Ubuntu 2.6.28-6.17-versatile)
May  9 11:22:09 ubuntu kernel: CPU: ARM926EJ-S [41069265] revision 5 (ARMv5TEJ), cr=00093177
May  9 11:22:09 ubuntu kernel: CPU: VIVT data cache, VIVT instruction cache
May  9 11:22:09 ubuntu kernel: Machine: ARM-Versatile PB
May  9 11:22:09 ubuntu kernel: Memory policy: ECC disabled, Data cache writeback
May  9 11:22:09 ubuntu kernel: On node 0 totalpages: 65536
May  9 11:22:09 ubuntu kernel: free_area_init_node: node 0, pgdat c0355334, node_mem_map c0378000
May  9 11:22:09 ubuntu kernel:   Normal zone: 512 pages used for memmap
May  9 11:22:09 ubuntu kernel:   Normal zone: 0 pages reserved
May  9 11:22:09 ubuntu kernel:   Normal zone: 65024 pages, LIFO batch:15
May  9 11:22:09 ubuntu kernel:   Movable zone: 0 pages used for memmap
May  9 11:22:09 ubuntu kernel: Built 1 zonelists in Zone order, mobility grouping on.  Total pages: 65024
May  9 11:22:09 ubuntu kernel: Kernel command line: root=/dev/sda mem=256M
May  9 11:22:09 ubuntu kernel: PID hash table entries: 1024 (order: 10, 4096 bytes)
May  9 11:22:09 ubuntu kernel: Console: colour dummy device 80x30
May  9 11:22:09 ubuntu kernel: console [tty0] enabled
May  9 11:22:09 ubuntu kernel: Dentry cache hash table entries: 32768 (order: 5, 131072 bytes)
May  9 11:22:09 ubuntu kernel: Inode-cache hash table entries: 16384 (order: 4, 65536 bytes)
May  9 11:22:09 ubuntu kernel: Memory: 256MB = 256MB total
May  9 11:22:09 ubuntu kernel: Memory: 256128KB available (3132K code, 237K data, 136K init)
May  9 11:22:09 ubuntu kernel: Calibrating delay loop... 258.86 BogoMIPS (lpj=1294336)
May  9 11:22:09 ubuntu kernel: Mount-cache hash table entries: 512
May  9 11:22:09 ubuntu kernel: CPU: Testing write buffer coherency: ok
May  9 11:22:09 ubuntu kernel: net_namespace: 288 bytes
May  9 11:22:09 ubuntu kernel: NET: Registered protocol family 16
May  9 11:22:09 ubuntu kernel: PCI core found (slot 11)
May  9 11:22:09 ubuntu kernel: pci 0000:00:0c.0: reg 10 io port: [0x00-0xff]
May  9 11:22:09 ubuntu kernel: pci 0000:00:0c.0: reg 14 32bit mmio: [0x000000-0x0003ff]
May  9 11:22:09 ubuntu kernel: pci 0000:00:0c.0: reg 18 32bit mmio: [0x000000-0x001fff]
May  9 11:22:09 ubuntu kernel: PCI: bus0: Fast back to back transfers disabled
May  9 11:22:09 ubuntu kernel: PCI map irq: slot 0, pin 1, devslot 12, irq: 27
May  9 11:22:09 ubuntu kernel: SCSI subsystem initialized
May  9 11:22:09 ubuntu kernel: libata version 3.00 loaded.
May  9 11:22:09 ubuntu kernel: NET: Registered protocol family 2
May  9 11:22:09 ubuntu kernel: IP route cache hash table entries: 2048 (order: 1, 8192 bytes)
May  9 11:22:09 ubuntu kernel: TCP established hash table entries: 8192 (order: 4, 65536 bytes)
May  9 11:22:09 ubuntu kernel: TCP bind hash table entries: 8192 (order: 3, 32768 bytes)
May  9 11:22:09 ubuntu kernel: TCP: Hash tables configured (established 8192 bind 8192)
May  9 11:22:09 ubuntu kernel: TCP reno registered
May  9 11:22:09 ubuntu kernel: NET: Registered protocol family 1
May  9 11:22:09 ubuntu kernel: NetWinder Floating Point Emulator V0.97 (double precision)
May  9 11:22:09 ubuntu kernel: Installing knfsd (copyright (C) 1996 okir@monad.swb.de).
May  9 11:22:09 ubuntu kernel: JFFS2 version 2.2. (NAND) © 2001-2006 Red Hat, Inc.
May  9 11:22:09 ubuntu kernel: msgmni has been set to 500
May  9 11:22:09 ubuntu kernel: io scheduler noop registered
May  9 11:22:09 ubuntu kernel: io scheduler anticipatory registered (default)
May  9 11:22:09 ubuntu kernel: io scheduler deadline registered
May  9 11:22:09 ubuntu kernel: io scheduler cfq registered
May  9 11:22:09 ubuntu kernel: CLCD: unknown LCD panel ID 0x00001000, using VGA
May  9 11:22:09 ubuntu kernel: CLCD: Versatile hardware, VGA display
May  9 11:22:09 ubuntu kernel: Clock CLCDCLK: setting VCO reg params: S=1 R=99 V=98
May  9 11:22:09 ubuntu kernel: Console: switching to colour frame buffer device 80x30
May  9 11:22:09 ubuntu kernel: Serial: AMBA PL011 UART driver
May  9 11:22:09 ubuntu kernel: dev:f1: ttyAMA0 at MMIO 0x101f1000 (irq = 12) is a AMBA/PL011
May  9 11:22:09 ubuntu kernel: dev:f2: ttyAMA1 at MMIO 0x101f2000 (irq = 13) is a AMBA/PL011
May  9 11:22:09 ubuntu kernel: dev:f3: ttyAMA2 at MMIO 0x101f3000 (irq = 14) is a AMBA/PL011
May  9 11:22:09 ubuntu kernel: fpga:09: ttyAMA3 at MMIO 0x10009000 (irq = 38) is a AMBA/PL011
May  9 11:22:09 ubuntu kernel: brd: module loaded
May  9 11:22:09 ubuntu kernel: loop: module loaded
May  9 11:22:09 ubuntu kernel: tun: Universal TUN/TAP device driver, 1.6
May  9 11:22:09 ubuntu kernel: tun: (C) 1999-2004 Max Krasnyansky <maxk@qualcomm.com>
May  9 11:22:09 ubuntu kernel: smc91x.c: v1.1, sep 22 2004 by Nicolas Pitre <nico@cam.org>
May  9 11:22:09 ubuntu kernel: eth0: SMC91C11xFD (rev 1) at d08d6000 IRQ 25 [nowait]
May  9 11:22:09 ubuntu kernel: eth0: Ethernet addr: 52:54:00:12:34:56
May  9 11:22:09 ubuntu kernel: eth0: No PHY found
May  9 11:22:09 ubuntu kernel: PCI: enabling device 0000:00:0c.0 (0140 -> 0143)
May  9 11:22:09 ubuntu kernel: sym0: <895a> rev 0x0 at pci 0000:00:0c.0 irq 27
May  9 11:22:09 ubuntu kernel: sym0: No NVRAM, ID 7, Fast-40, LVD, parity checking
May  9 11:22:09 ubuntu kernel: sym0: SCSI BUS has been reset.
May  9 11:22:09 ubuntu kernel: scsi0 : sym-2.2.3
May  9 11:22:09 ubuntu kernel: scsi 0:0:0:0: Direct-Access     QEMU     QEMU HARDDISK    0.10 PQ: 0 ANSI: 3
May  9 11:22:09 ubuntu kernel:  target0:0:0: tagged command queuing enabled, command queue depth 16.
May  9 11:22:10 ubuntu kernel:  target0:0:0: Beginning Domain Validation
May  9 11:22:10 ubuntu kernel:  target0:0:0: Domain Validation skipping write tests
May  9 11:22:10 ubuntu kernel:  target0:0:0: Ending Domain Validation
May  9 11:22:10 ubuntu kernel: scsi 0:0:2:0: CD-ROM            QEMU     QEMU CD-ROM      0.10 PQ: 0 ANSI: 3
May  9 11:22:10 ubuntu kernel:  target0:0:2: tagged command queuing enabled, command queue depth 16.
May  9 11:22:10 ubuntu kernel:  target0:0:2: Beginning Domain Validation
May  9 11:22:10 ubuntu kernel:  target0:0:2: Domain Validation skipping write tests
May  9 11:22:10 ubuntu kernel:  target0:0:2: Ending Domain Validation
May  9 11:22:10 ubuntu kernel: Driver 'sd' needs updating - please use bus_type methods
May  9 11:22:10 ubuntu kernel: sd 0:0:0:0: [sda] 4194304 512-byte hardware sectors: (2.14 GB/2.00 GiB)
May  9 11:22:10 ubuntu kernel: sd 0:0:0:0: [sda] Write Protect is off
May  9 11:22:10 ubuntu kernel: sd 0:0:0:0: [sda] Mode Sense: 14 00 00 00
May  9 11:22:10 ubuntu kernel: sd 0:0:0:0: [sda] Write cache: enabled, read cache: enabled, doesn't support DPO or FUA
May  9 11:22:10 ubuntu kernel: sd 0:0:0:0: [sda] 4194304 512-byte hardware sectors: (2.14 GB/2.00 GiB)
May  9 11:22:10 ubuntu kernel: sd 0:0:0:0: [sda] Write Protect is off
May  9 11:22:10 ubuntu kernel: sd 0:0:0:0: [sda] Mode Sense: 14 00 00 00
May  9 11:22:10 ubuntu kernel: sd 0:0:0:0: [sda] Write cache: enabled, read cache: enabled, doesn't support DPO or FUA
May  9 11:22:10 ubuntu kernel:  sda: unknown partition table
May  9 11:22:10 ubuntu kernel: sd 0:0:0:0: [sda] Attached SCSI disk
May  9 11:22:10 ubuntu kernel: mice: PS/2 mouse device common for all mice
May  9 11:22:10 ubuntu kernel: rtc-pl031 dev:e8: rtc core: registered pl031 as rtc0
May  9 11:22:10 ubuntu kernel: md: linear personality registered for level -1
May  9 11:22:10 ubuntu kernel: md: multipath personality registered for level -4
May  9 11:22:10 ubuntu kernel: md: faulty personality registered for level -5
May  9 11:22:10 ubuntu kernel: device-mapper: ioctl: 4.14.0-ioctl (2008-04-23) initialised: dm-devel@redhat.com
May  9 11:22:10 ubuntu kernel: TCP cubic registered
May  9 11:22:10 ubuntu kernel: NET: Registered protocol family 17
May  9 11:22:10 ubuntu kernel: RPC: Registered udp transport module.
May  9 11:22:10 ubuntu kernel: RPC: Registered tcp transport module.
May  9 11:22:10 ubuntu kernel: VFP support v0.3: implementor 41 architecture 1 part 10 variant 9 rev 0
May  9 11:22:10 ubuntu kernel: rtc-pl031 dev:e8: setting system clock to 2009-05-09 03:21:03 UTC (1241839263)
May  9 11:22:10 ubuntu kernel: input: AT Raw Set 2 keyboard as /class/input/input0
May  9 11:22:10 ubuntu kernel: input: ImExPS/2 Generic Explorer Mouse as /class/input/input1
May  9 11:22:10 ubuntu kernel: md: Waiting for all devices to be available before autodetect
May  9 11:22:10 ubuntu kernel: md: If you don't use raid, use raid=noautodetect
May  9 11:22:10 ubuntu kernel: md: Autodetecting RAID arrays.
May  9 11:22:10 ubuntu kernel: md: Scanned 0 and added 0 devices.
May  9 11:22:10 ubuntu kernel: md: autorun ...
May  9 11:22:10 ubuntu kernel: md: ... autorun DONE.
May  9 11:22:10 ubuntu kernel: VFS: Mounted root (ext2 filesystem) readonly.
May  9 11:22:10 ubuntu kernel: Freeing init memory: 136K
May  9 11:25:58 ubuntu init: tty4 main process (1117) killed by TERM signal
May  9 11:25:58 ubuntu init: tty5 main process (1118) killed by TERM signal
May  9 11:25:58 ubuntu init: tty2 main process (1157) killed by TERM signal
May  9 11:25:58 ubuntu init: tty3 main process (1158) killed by TERM signal
May  9 11:25:58 ubuntu init: tty6 main process (1159) killed by TERM signal
May  9 11:25:58 ubuntu init: tty1 main process (1235) killed by TERM signal
May  9 11:26:02 ubuntu exiting on signal 15
May  9 11:27:59 ubuntu syslogd 1.5.0#5ubuntu3: restart.
May  9 11:28:01 ubuntu kernel: Cannot find map file.
May  9 11:28:02 ubuntu kernel: Loaded 20944 symbols from 1 module.
May  9 11:28:02 ubuntu kernel: Linux version 2.6.28-6-versatile (buildd@kahikatea) (gcc version 4.3.3 (Ubuntu 4.3.3-3ubuntu1) ) #17-Ubuntu Fri Jan 30 19:18:31 UTC 2009 (Ubuntu 2.6.28-6.17-versatile)
May  9 11:28:02 ubuntu kernel: CPU: ARM926EJ-S [41069265] revision 5 (ARMv5TEJ), cr=00093177
May  9 11:28:02 ubuntu kernel: CPU: VIVT data cache, VIVT instruction cache
May  9 11:28:02 ubuntu kernel: Machine: ARM-Versatile PB
May  9 11:28:02 ubuntu kernel: Memory policy: ECC disabled, Data cache writeback
May  9 11:28:02 ubuntu kernel: On node 0 totalpages: 65536
May  9 11:28:02 ubuntu kernel: free_area_init_node: node 0, pgdat c0355334, node_mem_map c0378000
May  9 11:28:02 ubuntu kernel:   Normal zone: 512 pages used for memmap
May  9 11:28:02 ubuntu kernel:   Normal zone: 0 pages reserved
May  9 11:28:02 ubuntu kernel:   Normal zone: 65024 pages, LIFO batch:15
May  9 11:28:02 ubuntu kernel:   Movable zone: 0 pages used for memmap
May  9 11:28:02 ubuntu kernel: Built 1 zonelists in Zone order, mobility grouping on.  Total pages: 65024
May  9 11:28:02 ubuntu kernel: Kernel command line: root=/dev/sda mem=256M
May  9 11:28:02 ubuntu kernel: PID hash table entries: 1024 (order: 10, 4096 bytes)
May  9 11:28:02 ubuntu kernel: Console: colour dummy device 80x30
May  9 11:28:02 ubuntu kernel: console [tty0] enabled
May  9 11:28:02 ubuntu kernel: Dentry cache hash table entries: 32768 (order: 5, 131072 bytes)
May  9 11:28:02 ubuntu kernel: Inode-cache hash table entries: 16384 (order: 4, 65536 bytes)
May  9 11:28:02 ubuntu kernel: Memory: 256MB = 256MB total
May  9 11:28:02 ubuntu kernel: Memory: 256128KB available (3132K code, 237K data, 136K init)
May  9 11:28:02 ubuntu kernel: Calibrating delay loop... 256.40 BogoMIPS (lpj=1282048)
May  9 11:28:02 ubuntu kernel: Mount-cache hash table entries: 512
May  9 11:28:02 ubuntu kernel: CPU: Testing write buffer coherency: ok
May  9 11:28:02 ubuntu kernel: net_namespace: 288 bytes
May  9 11:28:02 ubuntu kernel: NET: Registered protocol family 16
May  9 11:28:02 ubuntu kernel: PCI core found (slot 11)
May  9 11:28:02 ubuntu kernel: pci 0000:00:0c.0: reg 10 io port: [0x00-0xff]
May  9 11:28:02 ubuntu kernel: pci 0000:00:0c.0: reg 14 32bit mmio: [0x000000-0x0003ff]
May  9 11:28:02 ubuntu kernel: pci 0000:00:0c.0: reg 18 32bit mmio: [0x000000-0x001fff]
May  9 11:28:02 ubuntu kernel: PCI: bus0: Fast back to back transfers disabled
May  9 11:28:02 ubuntu kernel: PCI map irq: slot 0, pin 1, devslot 12, irq: 27
May  9 11:28:02 ubuntu kernel: SCSI subsystem initialized
May  9 11:28:02 ubuntu kernel: libata version 3.00 loaded.
May  9 11:28:02 ubuntu kernel: NET: Registered protocol family 2
May  9 11:28:02 ubuntu kernel: IP route cache hash table entries: 2048 (order: 1, 8192 bytes)
May  9 11:28:02 ubuntu kernel: TCP established hash table entries: 8192 (order: 4, 65536 bytes)
May  9 11:28:02 ubuntu kernel: TCP bind hash table entries: 8192 (order: 3, 32768 bytes)
May  9 11:28:02 ubuntu kernel: TCP: Hash tables configured (established 8192 bind 8192)
May  9 11:28:02 ubuntu kernel: TCP reno registered
May  9 11:28:02 ubuntu kernel: NET: Registered protocol family 1
May  9 11:28:02 ubuntu kernel: NetWinder Floating Point Emulator V0.97 (double precision)
May  9 11:28:02 ubuntu kernel: Installing knfsd (copyright (C) 1996 okir@monad.swb.de).
May  9 11:28:02 ubuntu kernel: JFFS2 version 2.2. (NAND) © 2001-2006 Red Hat, Inc.
May  9 11:28:02 ubuntu kernel: msgmni has been set to 500
May  9 11:28:02 ubuntu kernel: io scheduler noop registered
May  9 11:28:02 ubuntu kernel: io scheduler anticipatory registered (default)
May  9 11:28:02 ubuntu kernel: io scheduler deadline registered
May  9 11:28:02 ubuntu kernel: io scheduler cfq registered
May  9 11:28:02 ubuntu kernel: CLCD: unknown LCD panel ID 0x00001000, using VGA
May  9 11:28:02 ubuntu kernel: CLCD: Versatile hardware, VGA display
May  9 11:28:02 ubuntu kernel: Clock CLCDCLK: setting VCO reg params: S=1 R=99 V=98
May  9 11:28:02 ubuntu kernel: Console: switching to colour frame buffer device 80x30
May  9 11:28:02 ubuntu kernel: Serial: AMBA PL011 UART driver
May  9 11:28:02 ubuntu kernel: dev:f1: ttyAMA0 at MMIO 0x101f1000 (irq = 12) is a AMBA/PL011
May  9 11:28:02 ubuntu kernel: dev:f2: ttyAMA1 at MMIO 0x101f2000 (irq = 13) is a AMBA/PL011
May  9 11:28:02 ubuntu kernel: dev:f3: ttyAMA2 at MMIO 0x101f3000 (irq = 14) is a AMBA/PL011
May  9 11:28:02 ubuntu kernel: fpga:09: ttyAMA3 at MMIO 0x10009000 (irq = 38) is a AMBA/PL011
May  9 11:28:02 ubuntu kernel: brd: module loaded
May  9 11:28:02 ubuntu kernel: loop: module loaded
May  9 11:28:02 ubuntu kernel: tun: Universal TUN/TAP device driver, 1.6
May  9 11:28:02 ubuntu kernel: tun: (C) 1999-2004 Max Krasnyansky <maxk@qualcomm.com>
May  9 11:28:02 ubuntu kernel: smc91x.c: v1.1, sep 22 2004 by Nicolas Pitre <nico@cam.org>
May  9 11:28:02 ubuntu kernel: eth0: SMC91C11xFD (rev 1) at d08d6000 IRQ 25 [nowait]
May  9 11:28:02 ubuntu kernel: eth0: Ethernet addr: 52:54:00:12:34:56
May  9 11:28:02 ubuntu kernel: eth0: No PHY found
May  9 11:28:02 ubuntu kernel: PCI: enabling device 0000:00:0c.0 (0140 -> 0143)
May  9 11:28:02 ubuntu kernel: sym0: <895a> rev 0x0 at pci 0000:00:0c.0 irq 27
May  9 11:28:02 ubuntu kernel: sym0: No NVRAM, ID 7, Fast-40, LVD, parity checking
May  9 11:28:02 ubuntu kernel: sym0: SCSI BUS has been reset.
May  9 11:28:02 ubuntu kernel: scsi0 : sym-2.2.3
May  9 11:28:02 ubuntu kernel: scsi 0:0:0:0: Direct-Access     QEMU     QEMU HARDDISK    0.10 PQ: 0 ANSI: 3
May  9 11:28:02 ubuntu kernel:  target0:0:0: tagged command queuing enabled, command queue depth 16.
May  9 11:28:02 ubuntu kernel:  target0:0:0: Beginning Domain Validation
May  9 11:28:02 ubuntu kernel:  target0:0:0: Domain Validation skipping write tests
May  9 11:28:02 ubuntu kernel:  target0:0:0: Ending Domain Validation
May  9 11:28:02 ubuntu kernel: scsi 0:0:2:0: CD-ROM            QEMU     QEMU CD-ROM      0.10 PQ: 0 ANSI: 3
May  9 11:28:02 ubuntu kernel:  target0:0:2: tagged command queuing enabled, command queue depth 16.
May  9 11:28:02 ubuntu kernel:  target0:0:2: Beginning Domain Validation
May  9 11:28:02 ubuntu kernel:  target0:0:2: Domain Validation skipping write tests
May  9 11:28:02 ubuntu kernel:  target0:0:2: Ending Domain Validation
May  9 11:28:02 ubuntu kernel: Driver 'sd' needs updating - please use bus_type methods
May  9 11:28:02 ubuntu kernel: sd 0:0:0:0: [sda] 4194304 512-byte hardware sectors: (2.14 GB/2.00 GiB)
May  9 11:28:02 ubuntu kernel: sd 0:0:0:0: [sda] Write Protect is off
May  9 11:28:02 ubuntu kernel: sd 0:0:0:0: [sda] Mode Sense: 14 00 00 00
May  9 11:28:02 ubuntu kernel: sd 0:0:0:0: [sda] Write cache: enabled, read cache: enabled, doesn't support DPO or FUA
May  9 11:28:02 ubuntu kernel: sd 0:0:0:0: [sda] 4194304 512-byte hardware sectors: (2.14 GB/2.00 GiB)
May  9 11:28:02 ubuntu kernel: sd 0:0:0:0: [sda] Write Protect is off
May  9 11:28:02 ubuntu kernel: sd 0:0:0:0: [sda] Mode Sense: 14 00 00 00
May  9 11:28:02 ubuntu kernel: sd 0:0:0:0: [sda] Write cache: enabled, read cache: enabled, doesn't support DPO or FUA
May  9 11:28:02 ubuntu kernel:  sda: unknown partition table
May  9 11:28:02 ubuntu kernel: sd 0:0:0:0: [sda] Attached SCSI disk
May  9 11:28:02 ubuntu kernel: mice: PS/2 mouse device common for all mice
May  9 11:28:02 ubuntu kernel: rtc-pl031 dev:e8: rtc core: registered pl031 as rtc0
May  9 11:28:02 ubuntu kernel: md: linear personality registered for level -1
May  9 11:28:02 ubuntu kernel: md: multipath personality registered for level -4
May  9 11:28:02 ubuntu kernel: md: faulty personality registered for level -5
May  9 11:28:02 ubuntu kernel: device-mapper: ioctl: 4.14.0-ioctl (2008-04-23) initialised: dm-devel@redhat.com
May  9 11:28:02 ubuntu kernel: TCP cubic registered
May  9 11:28:02 ubuntu kernel: NET: Registered protocol family 17
May  9 11:28:02 ubuntu kernel: RPC: Registered udp transport module.
May  9 11:28:02 ubuntu kernel: RPC: Registered tcp transport module.
May  9 11:28:02 ubuntu kernel: VFP support v0.3: implementor 41 architecture 1 part 10 variant 9 rev 0
May  9 11:28:02 ubuntu kernel: rtc-pl031 dev:e8: setting system clock to 2009-05-09 03:26:43 UTC (1241839603)
May  9 11:28:02 ubuntu kernel: input: AT Raw Set 2 keyboard as /class/input/input0
May  9 11:28:02 ubuntu kernel: input: ImExPS/2 Generic Explorer Mouse as /class/input/input1
May  9 11:28:02 ubuntu kernel: md: Waiting for all devices to be available before autodetect
May  9 11:28:02 ubuntu kernel: md: If you don't use raid, use raid=noautodetect
May  9 11:28:02 ubuntu kernel: md: Autodetecting RAID arrays.
May  9 11:28:02 ubuntu kernel: md: Scanned 0 and added 0 devices.
May  9 11:28:02 ubuntu kernel: md: autorun ...
May  9 11:28:02 ubuntu kernel: md: ... autorun DONE.
May  9 11:28:02 ubuntu kernel: VFS: Mounted root (ext2 filesystem) readonly.
May  9 11:28:02 ubuntu kernel: Freeing init memory: 136K
May  9 11:28:02 ubuntu kernel: eth0: link up
May  9 11:36:32 ubuntu modprobe: FATAL: Could not load /lib/modules/2.6.28-6-versatile/modules.dep: No such file or directory 
May  9 11:36:35 ubuntu last message repeated 3 times
May  9 11:48:14 ubuntu -- MARK --
May  9 12:00:29 ubuntu dbus-daemon: Reloaded configuration
May  9 12:01:35 ubuntu dbus-daemon: Reloaded configuration
May  9 12:01:52 ubuntu dbus-daemon: Reloaded configuration
May  9 12:09:26 ubuntu init: tty4 main process (1208) killed by TERM signal
May  9 12:09:26 ubuntu init: tty5 main process (1210) killed by TERM signal
May  9 12:09:26 ubuntu init: tty2 main process (1220) killed by TERM signal
May  9 12:09:26 ubuntu init: tty3 main process (1234) killed by TERM signal
May  9 12:09:26 ubuntu init: tty6 main process (1235) killed by TERM signal
May  9 12:09:26 ubuntu init: tty1 main process (1338) killed by TERM signal
May  9 12:09:36 ubuntu exiting on signal 15
May  9 12:11:52 ubuntu syslogd 1.5.0#5ubuntu3: restart.
May  9 12:11:54 ubuntu init: ttyS0 main process (1294) terminated with status 1
May  9 12:11:54 ubuntu init: ttyS0 main process ended, respawning
May  9 12:11:56 ubuntu kernel: Cannot find map file.
May  9 12:11:57 ubuntu kernel: Loaded 20944 symbols from 1 module.
May  9 12:11:57 ubuntu kernel: Linux version 2.6.28-6-versatile (buildd@kahikatea) (gcc version 4.3.3 (Ubuntu 4.3.3-3ubuntu1) ) #17-Ubuntu Fri Jan 30 19:18:31 UTC 2009 (Ubuntu 2.6.28-6.17-versatile)
May  9 12:11:57 ubuntu kernel: CPU: ARM926EJ-S [41069265] revision 5 (ARMv5TEJ), cr=00093177
May  9 12:11:57 ubuntu kernel: CPU: VIVT data cache, VIVT instruction cache
May  9 12:11:57 ubuntu kernel: Machine: ARM-Versatile PB
May  9 12:11:57 ubuntu kernel: Memory policy: ECC disabled, Data cache writeback
May  9 12:11:57 ubuntu kernel: On node 0 totalpages: 65536
May  9 12:11:57 ubuntu kernel: free_area_init_node: node 0, pgdat c0355334, node_mem_map c0378000
May  9 12:11:57 ubuntu kernel:   Normal zone: 512 pages used for memmap
May  9 12:11:57 ubuntu kernel:   Normal zone: 0 pages reserved
May  9 12:11:57 ubuntu kernel:   Normal zone: 65024 pages, LIFO batch:15
May  9 12:11:57 ubuntu kernel:   Movable zone: 0 pages used for memmap
May  9 12:11:57 ubuntu kernel: Built 1 zonelists in Zone order, mobility grouping on.  Total pages: 65024
May  9 12:11:57 ubuntu kernel: Kernel command line: root=/dev/sda mem=256M
May  9 12:11:57 ubuntu kernel: PID hash table entries: 1024 (order: 10, 4096 bytes)
May  9 12:11:57 ubuntu kernel: Console: colour dummy device 80x30
May  9 12:11:57 ubuntu kernel: console [tty0] enabled
May  9 12:11:57 ubuntu kernel: Dentry cache hash table entries: 32768 (order: 5, 131072 bytes)
May  9 12:11:57 ubuntu kernel: Inode-cache hash table entries: 16384 (order: 4, 65536 bytes)
May  9 12:11:57 ubuntu kernel: Memory: 256MB = 256MB total
May  9 12:11:57 ubuntu kernel: Memory: 256128KB available (3132K code, 237K data, 136K init)
May  9 12:11:57 ubuntu kernel: Calibrating delay loop... 248.21 BogoMIPS (lpj=1241088)
May  9 12:11:57 ubuntu kernel: Mount-cache hash table entries: 512
May  9 12:11:57 ubuntu kernel: CPU: Testing write buffer coherency: ok
May  9 12:11:57 ubuntu kernel: net_namespace: 288 bytes
May  9 12:11:57 ubuntu kernel: NET: Registered protocol family 16
May  9 12:11:57 ubuntu kernel: PCI core found (slot 11)
May  9 12:11:57 ubuntu kernel: pci 0000:00:0c.0: reg 10 io port: [0x44000000-0x440000ff]
May  9 12:11:57 ubuntu kernel: pci 0000:00:0c.0: reg 14 32bit mmio: [0x50002000-0x500023ff]
May  9 12:11:57 ubuntu kernel: pci 0000:00:0c.0: reg 18 32bit mmio: [0x50000000-0x50001fff]
May  9 12:11:57 ubuntu kernel: PCI: bus0: Fast back to back transfers disabled
May  9 12:11:57 ubuntu kernel: PCI map irq: slot 0, pin 1, devslot 12, irq: 27
May  9 12:11:57 ubuntu kernel: SCSI subsystem initialized
May  9 12:11:57 ubuntu kernel: libata version 3.00 loaded.
May  9 12:11:57 ubuntu kernel: NET: Registered protocol family 2
May  9 12:11:57 ubuntu kernel: IP route cache hash table entries: 2048 (order: 1, 8192 bytes)
May  9 12:11:57 ubuntu kernel: TCP established hash table entries: 8192 (order: 4, 65536 bytes)
May  9 12:11:57 ubuntu kernel: TCP bind hash table entries: 8192 (order: 3, 32768 bytes)
May  9 12:11:57 ubuntu kernel: TCP: Hash tables configured (established 8192 bind 8192)
May  9 12:11:57 ubuntu kernel: TCP reno registered
May  9 12:11:57 ubuntu kernel: NET: Registered protocol family 1
May  9 12:11:57 ubuntu kernel: NetWinder Floating Point Emulator V0.97 (double precision)
May  9 12:11:57 ubuntu kernel: Installing knfsd (copyright (C) 1996 okir@monad.swb.de).
May  9 12:11:57 ubuntu kernel: JFFS2 version 2.2. (NAND) © 2001-2006 Red Hat, Inc.
May  9 12:11:57 ubuntu kernel: msgmni has been set to 500
May  9 12:11:57 ubuntu kernel: io scheduler noop registered
May  9 12:11:57 ubuntu kernel: io scheduler anticipatory registered (default)
May  9 12:11:57 ubuntu kernel: io scheduler deadline registered
May  9 12:11:57 ubuntu kernel: io scheduler cfq registered
May  9 12:11:57 ubuntu kernel: CLCD: unknown LCD panel ID 0x00001000, using VGA
May  9 12:11:57 ubuntu kernel: CLCD: Versatile hardware, VGA display
May  9 12:11:57 ubuntu kernel: Clock CLCDCLK: setting VCO reg params: S=1 R=99 V=98
May  9 12:11:57 ubuntu kernel: Console: switching to colour frame buffer device 80x30
May  9 12:11:57 ubuntu kernel: Serial: AMBA PL011 UART driver
May  9 12:11:57 ubuntu kernel: dev:f1: ttyAMA0 at MMIO 0x101f1000 (irq = 12) is a AMBA/PL011
May  9 12:11:57 ubuntu kernel: dev:f2: ttyAMA1 at MMIO 0x101f2000 (irq = 13) is a AMBA/PL011
May  9 12:11:57 ubuntu kernel: dev:f3: ttyAMA2 at MMIO 0x101f3000 (irq = 14) is a AMBA/PL011
May  9 12:11:57 ubuntu kernel: fpga:09: ttyAMA3 at MMIO 0x10009000 (irq = 38) is a AMBA/PL011
May  9 12:11:57 ubuntu kernel: brd: module loaded
May  9 12:11:57 ubuntu kernel: loop: module loaded
May  9 12:11:57 ubuntu kernel: tun: Universal TUN/TAP device driver, 1.6
May  9 12:11:57 ubuntu kernel: tun: (C) 1999-2004 Max Krasnyansky <maxk@qualcomm.com>
May  9 12:11:57 ubuntu kernel: smc91x.c: v1.1, sep 22 2004 by Nicolas Pitre <nico@cam.org>
May  9 12:11:57 ubuntu kernel: eth0: SMC91C11xFD (rev 1) at d08d6000 IRQ 25 [nowait]
May  9 12:11:57 ubuntu kernel: eth0: Ethernet addr: 52:54:00:12:34:56
May  9 12:11:57 ubuntu kernel: eth0: No PHY found
May  9 12:11:57 ubuntu kernel: sym0: <895a> rev 0x0 at pci 0000:00:0c.0 irq 27
May  9 12:11:57 ubuntu kernel: sym0: No NVRAM, ID 7, Fast-40, LVD, parity checking
May  9 12:11:57 ubuntu kernel: sym0: SCSI BUS has been reset.
May  9 12:11:57 ubuntu kernel: scsi0 : sym-2.2.3
May  9 12:11:57 ubuntu kernel: scsi 0:0:0:0: Direct-Access     QEMU     QEMU HARDDISK    0.10 PQ: 0 ANSI: 3
May  9 12:11:57 ubuntu kernel:  target0:0:0: tagged command queuing enabled, command queue depth 16.
May  9 12:11:57 ubuntu kernel:  target0:0:0: Beginning Domain Validation
May  9 12:11:57 ubuntu kernel:  target0:0:0: Domain Validation skipping write tests
May  9 12:11:57 ubuntu kernel:  target0:0:0: Ending Domain Validation
May  9 12:11:57 ubuntu kernel: scsi 0:0:2:0: CD-ROM            QEMU     QEMU CD-ROM      0.10 PQ: 0 ANSI: 3
May  9 12:11:57 ubuntu kernel:  target0:0:2: tagged command queuing enabled, command queue depth 16.
May  9 12:11:57 ubuntu kernel:  target0:0:2: Beginning Domain Validation
May  9 12:11:57 ubuntu kernel:  target0:0:2: Domain Validation skipping write tests
May  9 12:11:57 ubuntu kernel:  target0:0:2: Ending Domain Validation
May  9 12:11:57 ubuntu kernel: Driver 'sd' needs updating - please use bus_type methods
May  9 12:11:57 ubuntu kernel: sd 0:0:0:0: [sda] 4194304 512-byte hardware sectors: (2.14 GB/2.00 GiB)
May  9 12:11:57 ubuntu kernel: sd 0:0:0:0: [sda] Write Protect is off
May  9 12:11:57 ubuntu kernel: sd 0:0:0:0: [sda] Mode Sense: 14 00 00 00
May  9 12:11:57 ubuntu kernel: sd 0:0:0:0: [sda] Write cache: enabled, read cache: enabled, doesn't support DPO or FUA
May  9 12:11:57 ubuntu kernel: sd 0:0:0:0: [sda] 4194304 512-byte hardware sectors: (2.14 GB/2.00 GiB)
May  9 12:11:57 ubuntu kernel: sd 0:0:0:0: [sda] Write Protect is off
May  9 12:11:57 ubuntu kernel: sd 0:0:0:0: [sda] Mode Sense: 14 00 00 00
May  9 12:11:57 ubuntu kernel: sd 0:0:0:0: [sda] Write cache: enabled, read cache: enabled, doesn't support DPO or FUA
May  9 12:11:57 ubuntu kernel:  sda: unknown partition table
May  9 12:11:57 ubuntu kernel: sd 0:0:0:0: [sda] Attached SCSI disk
May  9 12:11:57 ubuntu kernel: mice: PS/2 mouse device common for all mice
May  9 12:11:57 ubuntu kernel: rtc-pl031 dev:e8: rtc core: registered pl031 as rtc0
May  9 12:11:57 ubuntu kernel: md: linear personality registered for level -1
May  9 12:11:57 ubuntu kernel: md: multipath personality registered for level -4
May  9 12:11:57 ubuntu kernel: md: faulty personality registered for level -5
May  9 12:11:57 ubuntu kernel: device-mapper: ioctl: 4.14.0-ioctl (2008-04-23) initialised: dm-devel@redhat.com
May  9 12:11:57 ubuntu kernel: TCP cubic registered
May  9 12:11:57 ubuntu kernel: NET: Registered protocol family 17
May  9 12:11:57 ubuntu kernel: RPC: Registered udp transport module.
May  9 12:11:57 ubuntu kernel: RPC: Registered tcp transport module.
May  9 12:11:57 ubuntu kernel: VFP support v0.3: implementor 41 architecture 1 part 10 variant 9 rev 0
May  9 12:11:57 ubuntu kernel: rtc-pl031 dev:e8: setting system clock to 2009-05-09 04:09:57 UTC (1241842197)
May  9 12:11:57 ubuntu kernel: input: AT Raw Set 2 keyboard as /class/input/input0
May  9 12:11:57 ubuntu kernel: input: ImExPS/2 Generic Explorer Mouse as /class/input/input1
May  9 12:11:57 ubuntu kernel: md: Waiting for all devices to be available before autodetect
May  9 12:11:58 ubuntu kernel: md: If you don't use raid, use raid=noautodetect
May  9 12:11:58 ubuntu kernel: md: Autodetecting RAID arrays.
May  9 12:11:58 ubuntu kernel: md: Scanned 0 and added 0 devices.
May  9 12:11:58 ubuntu kernel: md: autorun ...
May  9 12:11:58 ubuntu kernel: md: ... autorun DONE.
May  9 12:11:58 ubuntu kernel: VFS: Mounted root (ext2 filesystem) readonly.
May  9 12:11:58 ubuntu kernel: Freeing init memory: 136K
May  9 12:11:58 ubuntu kernel: eth0: link up
May  9 12:12:04 ubuntu init: ttyS0 main process (1368) terminated with status 1
May  9 12:12:04 ubuntu init: ttyS0 main process ended, respawning
May  9 12:12:14 ubuntu init: ttyS0 main process (1428) terminated with status 1
May  9 12:12:14 ubuntu init: ttyS0 main process ended, respawning
May  9 12:12:24 ubuntu init: ttyS0 main process (1558) terminated with status 1
May  9 12:12:24 ubuntu init: ttyS0 main process ended, respawning
May  9 12:12:34 ubuntu init: ttyS0 main process (1595) terminated with status 1
May  9 12:12:34 ubuntu init: ttyS0 main process ended, respawning
May  9 12:12:45 ubuntu init: ttyS0 main process (1608) terminated with status 1
May  9 12:12:45 ubuntu init: ttyS0 main process ended, respawning
May  9 12:12:57 ubuntu init: ttyS0 main process (1609) terminated with status 1
May  9 12:12:57 ubuntu init: ttyS0 main process ended, respawning
May  9 12:13:07 ubuntu init: ttyS0 main process (1610) terminated with status 1
May  9 12:13:07 ubuntu init: ttyS0 main process ended, respawning
May  9 12:13:17 ubuntu init: ttyS0 main process (1613) terminated with status 1
May  9 12:13:17 ubuntu init: ttyS0 main process ended, respawning
May  9 12:13:22 ubuntu console-kit-daemon[1429]: WARNING: Couldn't read /proc/1427/environ: Failed to open file '/proc/1427/environ': No such file or directory 
May  9 12:13:27 ubuntu init: ttyS0 main process (1614) terminated with status 1
May  9 12:13:27 ubuntu init: ttyS0 main process ended, respawning
May  9 12:13:38 ubuntu init: ttyS0 main process (1658) terminated with status 1
May  9 12:13:38 ubuntu init: ttyS0 main process ended, respawning
May  9 12:13:54 ubuntu init: ttyS0 main process (1688) terminated with status 1
May  9 12:13:54 ubuntu init: ttyS0 main process ended, respawning
May  9 12:14:04 ubuntu init: ttyS0 main process (1689) terminated with status 1
May  9 12:14:04 ubuntu init: ttyS0 main process ended, respawning
May  9 12:14:18 ubuntu init: ttyS0 main process (1694) terminated with status 1
May  9 12:14:18 ubuntu init: ttyS0 main process ended, respawning
May  9 12:14:28 ubuntu init: ttyS0 main process (1695) terminated with status 1
May  9 12:14:28 ubuntu init: ttyS0 main process ended, respawning
May  9 12:14:38 ubuntu init: ttyS0 main process (1696) terminated with status 1
May  9 12:14:38 ubuntu init: ttyS0 main process ended, respawning
May  9 12:14:48 ubuntu init: ttyS0 main process (1697) terminated with status 1
May  9 12:14:48 ubuntu init: ttyS0 main process ended, respawning
May  9 12:14:58 ubuntu init: ttyS0 main process (1698) terminated with status 1
May  9 12:14:58 ubuntu init: ttyS0 main process ended, respawning
May  9 12:15:09 ubuntu init: ttyS0 main process (1699) terminated with status 1
May  9 12:15:09 ubuntu init: ttyS0 main process ended, respawning
May  9 12:15:19 ubuntu init: ttyS0 main process (1700) terminated with status 1
May  9 12:15:19 ubuntu init: ttyS0 main process ended, respawning
May  9 12:15:29 ubuntu init: ttyS0 main process (1729) terminated with status 1
May  9 12:15:29 ubuntu init: ttyS0 main process ended, respawning
May  9 12:15:39 ubuntu init: ttyS0 main process (1753) terminated with status 1
May  9 12:15:39 ubuntu init: ttyS0 main process ended, respawning
May  9 12:15:49 ubuntu init: ttyS0 main process (1756) terminated with status 1
May  9 12:15:50 ubuntu init: ttyS0 main process ended, respawning
May  9 12:16:00 ubuntu init: ttyS0 main process (1757) terminated with status 1
May  9 12:16:00 ubuntu init: ttyS0 main process ended, respawning
May  9 12:16:11 ubuntu init: ttyS0 main process (1760) terminated with status 1
May  9 12:16:11 ubuntu init: ttyS0 main process ended, respawning
May  9 12:16:21 ubuntu init: ttyS0 main process (1763) terminated with status 1
May  9 12:16:21 ubuntu init: ttyS0 main process ended, respawning
May  9 12:16:31 ubuntu init: ttyS0 main process (1766) terminated with status 1
May  9 12:16:31 ubuntu init: ttyS0 main process ended, respawning
May  9 12:16:41 ubuntu init: ttyS0 main process (1769) terminated with status 1
May  9 12:16:41 ubuntu init: ttyS0 main process ended, respawning
May  9 12:16:51 ubuntu init: ttyS0 main process (1770) terminated with status 1
May  9 12:16:51 ubuntu init: ttyS0 main process ended, respawning
May  9 12:17:08 ubuntu init: ttyS0 main process (1771) terminated with status 1
May  9 12:17:08 ubuntu init: ttyS0 main process ended, respawning
May  9 12:17:18 ubuntu init: ttyS0 main process (1773) terminated with status 1
May  9 12:17:19 ubuntu init: ttyS0 main process ended, respawning
May  9 12:17:29 ubuntu init: ttyS0 main process (1774) terminated with status 1
May  9 12:17:29 ubuntu init: ttyS0 main process ended, respawning
May  9 12:17:39 ubuntu init: ttyS0 main process (1775) terminated with status 1
May  9 12:17:39 ubuntu init: ttyS0 main process ended, respawning
May  9 12:17:49 ubuntu init: ttyS0 main process (1776) terminated with status 1
May  9 12:17:49 ubuntu init: ttyS0 main process ended, respawning
May  9 12:17:59 ubuntu init: ttyS0 main process (1777) terminated with status 1
May  9 12:17:59 ubuntu init: ttyS0 main process ended, respawning
May  9 12:18:09 ubuntu init: ttyS0 main process (1778) terminated with status 1
May  9 12:18:09 ubuntu init: ttyS0 main process ended, respawning
May  9 12:18:19 ubuntu init: ttyS0 main process (1779) terminated with status 1
May  9 12:18:19 ubuntu init: ttyS0 main process ended, respawning
May  9 12:18:30 ubuntu init: ttyS0 main process (1780) terminated with status 1
May  9 12:18:30 ubuntu init: ttyS0 main process ended, respawning
May  9 12:18:40 ubuntu init: ttyS0 main process (1781) terminated with status 1
May  9 12:18:40 ubuntu init: ttyS0 main process ended, respawning
May  9 12:18:50 ubuntu init: ttyS0 main process (1782) terminated with status 1
May  9 12:18:50 ubuntu init: ttyS0 main process ended, respawning
May  9 12:19:04 ubuntu init: ttyS0 main process (1783) terminated with status 1
May  9 12:19:05 ubuntu init: ttyS0 main process ended, respawning
May  9 12:19:15 ubuntu init: ttyS0 main process (1784) terminated with status 1
May  9 12:19:15 ubuntu init: ttyS0 main process ended, respawning
May  9 12:23:51 ubuntu syslogd 1.5.0#5ubuntu3: restart.
May  9 12:23:54 ubuntu kernel: Cannot find map file.
May  9 12:23:55 ubuntu kernel: Loaded 20944 symbols from 1 module.
May  9 12:23:55 ubuntu kernel: Linux version 2.6.28-6-versatile (buildd@kahikatea) (gcc version 4.3.3 (Ubuntu 4.3.3-3ubuntu1) ) #17-Ubuntu Fri Jan 30 19:18:31 UTC 2009 (Ubuntu 2.6.28-6.17-versatile)
May  9 12:23:55 ubuntu kernel: CPU: ARM926EJ-S [41069265] revision 5 (ARMv5TEJ), cr=00093177
May  9 12:23:55 ubuntu kernel: CPU: VIVT data cache, VIVT instruction cache
May  9 12:23:55 ubuntu kernel: Machine: ARM-Versatile PB
May  9 12:23:55 ubuntu kernel: Memory policy: ECC disabled, Data cache writeback
May  9 12:23:55 ubuntu kernel: On node 0 totalpages: 65536
May  9 12:23:55 ubuntu kernel: free_area_init_node: node 0, pgdat c0355334, node_mem_map c0378000
May  9 12:23:55 ubuntu kernel:   Normal zone: 512 pages used for memmap
May  9 12:23:55 ubuntu kernel:   Normal zone: 0 pages reserved
May  9 12:23:55 ubuntu kernel:   Normal zone: 65024 pages, LIFO batch:15
May  9 12:23:55 ubuntu kernel:   Movable zone: 0 pages used for memmap
May  9 12:23:55 ubuntu kernel: Built 1 zonelists in Zone order, mobility grouping on.  Total pages: 65024
May  9 12:23:55 ubuntu kernel: Kernel command line: root=/dev/sda mem=256M
May  9 12:23:55 ubuntu kernel: PID hash table entries: 1024 (order: 10, 4096 bytes)
May  9 12:23:55 ubuntu kernel: Console: colour dummy device 80x30
May  9 12:23:55 ubuntu kernel: console [tty0] enabled
May  9 12:23:55 ubuntu kernel: Dentry cache hash table entries: 32768 (order: 5, 131072 bytes)
May  9 12:23:55 ubuntu kernel: Inode-cache hash table entries: 16384 (order: 4, 65536 bytes)
May  9 12:23:55 ubuntu kernel: Memory: 256MB = 256MB total
May  9 12:23:55 ubuntu kernel: Memory: 256128KB available (3132K code, 237K data, 136K init)
May  9 12:23:55 ubuntu kernel: Calibrating delay loop... 274.43 BogoMIPS (lpj=1372160)
May  9 12:23:55 ubuntu kernel: Mount-cache hash table entries: 512
May  9 12:23:55 ubuntu kernel: CPU: Testing write buffer coherency: ok
May  9 12:23:55 ubuntu kernel: net_namespace: 288 bytes
May  9 12:23:55 ubuntu kernel: NET: Registered protocol family 16
May  9 12:23:55 ubuntu kernel: PCI core found (slot 11)
May  9 12:23:55 ubuntu kernel: pci 0000:00:0c.0: reg 10 io port: [0x00-0xff]
May  9 12:23:55 ubuntu kernel: pci 0000:00:0c.0: reg 14 32bit mmio: [0x000000-0x0003ff]
May  9 12:23:55 ubuntu kernel: pci 0000:00:0c.0: reg 18 32bit mmio: [0x000000-0x001fff]
May  9 12:23:55 ubuntu kernel: PCI: bus0: Fast back to back transfers disabled
May  9 12:23:55 ubuntu kernel: PCI map irq: slot 0, pin 1, devslot 12, irq: 27
May  9 12:23:55 ubuntu kernel: SCSI subsystem initialized
May  9 12:23:55 ubuntu kernel: libata version 3.00 loaded.
May  9 12:23:55 ubuntu kernel: NET: Registered protocol family 2
May  9 12:23:55 ubuntu kernel: IP route cache hash table entries: 2048 (order: 1, 8192 bytes)
May  9 12:23:55 ubuntu kernel: TCP established hash table entries: 8192 (order: 4, 65536 bytes)
May  9 12:23:55 ubuntu kernel: TCP bind hash table entries: 8192 (order: 3, 32768 bytes)
May  9 12:23:55 ubuntu kernel: TCP: Hash tables configured (established 8192 bind 8192)
May  9 12:23:55 ubuntu kernel: TCP reno registered
May  9 12:23:55 ubuntu kernel: NET: Registered protocol family 1
May  9 12:23:55 ubuntu kernel: NetWinder Floating Point Emulator V0.97 (double precision)
May  9 12:23:55 ubuntu kernel: Installing knfsd (copyright (C) 1996 okir@monad.swb.de).
May  9 12:23:56 ubuntu kernel: JFFS2 version 2.2. (NAND) © 2001-2006 Red Hat, Inc.
May  9 12:23:56 ubuntu kernel: msgmni has been set to 500
May  9 12:23:56 ubuntu kernel: io scheduler noop registered
May  9 12:23:56 ubuntu kernel: io scheduler anticipatory registered (default)
May  9 12:23:56 ubuntu kernel: io scheduler deadline registered
May  9 12:23:56 ubuntu kernel: io scheduler cfq registered
May  9 12:23:56 ubuntu kernel: CLCD: unknown LCD panel ID 0x00001000, using VGA
May  9 12:23:56 ubuntu kernel: CLCD: Versatile hardware, VGA display
May  9 12:23:56 ubuntu kernel: Clock CLCDCLK: setting VCO reg params: S=1 R=99 V=98
May  9 12:23:56 ubuntu kernel: Console: switching to colour frame buffer device 80x30
May  9 12:23:56 ubuntu kernel: Serial: AMBA PL011 UART driver
May  9 12:23:56 ubuntu kernel: dev:f1: ttyAMA0 at MMIO 0x101f1000 (irq = 12) is a AMBA/PL011
May  9 12:23:56 ubuntu kernel: dev:f2: ttyAMA1 at MMIO 0x101f2000 (irq = 13) is a AMBA/PL011
May  9 12:23:56 ubuntu kernel: dev:f3: ttyAMA2 at MMIO 0x101f3000 (irq = 14) is a AMBA/PL011
May  9 12:23:56 ubuntu kernel: fpga:09: ttyAMA3 at MMIO 0x10009000 (irq = 38) is a AMBA/PL011
May  9 12:23:56 ubuntu kernel: brd: module loaded
May  9 12:23:56 ubuntu kernel: loop: module loaded
May  9 12:23:56 ubuntu kernel: tun: Universal TUN/TAP device driver, 1.6
May  9 12:23:56 ubuntu kernel: tun: (C) 1999-2004 Max Krasnyansky <maxk@qualcomm.com>
May  9 12:23:56 ubuntu kernel: smc91x.c: v1.1, sep 22 2004 by Nicolas Pitre <nico@cam.org>
May  9 12:23:56 ubuntu kernel: eth0: SMC91C11xFD (rev 1) at d08d6000 IRQ 25 [nowait]
May  9 12:23:56 ubuntu kernel: eth0: Ethernet addr: 52:54:00:12:34:56
May  9 12:23:56 ubuntu kernel: eth0: No PHY found
May  9 12:23:56 ubuntu kernel: PCI: enabling device 0000:00:0c.0 (0140 -> 0143)
May  9 12:23:56 ubuntu kernel: sym0: <895a> rev 0x0 at pci 0000:00:0c.0 irq 27
May  9 12:23:56 ubuntu kernel: sym0: No NVRAM, ID 7, Fast-40, LVD, parity checking
May  9 12:23:56 ubuntu kernel: sym0: SCSI BUS has been reset.
May  9 12:23:56 ubuntu kernel: scsi0 : sym-2.2.3
May  9 12:23:56 ubuntu kernel: scsi 0:0:0:0: Direct-Access     QEMU     QEMU HARDDISK    0.10 PQ: 0 ANSI: 3
May  9 12:23:56 ubuntu kernel:  target0:0:0: tagged command queuing enabled, command queue depth 16.
May  9 12:23:56 ubuntu kernel:  target0:0:0: Beginning Domain Validation
May  9 12:23:56 ubuntu kernel:  target0:0:0: Domain Validation skipping write tests
May  9 12:23:56 ubuntu kernel:  target0:0:0: Ending Domain Validation
May  9 12:23:56 ubuntu kernel: scsi 0:0:2:0: CD-ROM            QEMU     QEMU CD-ROM      0.10 PQ: 0 ANSI: 3
May  9 12:23:56 ubuntu kernel:  target0:0:2: tagged command queuing enabled, command queue depth 16.
May  9 12:23:56 ubuntu kernel:  target0:0:2: Beginning Domain Validation
May  9 12:23:56 ubuntu kernel:  target0:0:2: Domain Validation skipping write tests
May  9 12:23:56 ubuntu kernel:  target0:0:2: Ending Domain Validation
May  9 12:23:56 ubuntu kernel: Driver 'sd' needs updating - please use bus_type methods
May  9 12:23:56 ubuntu kernel: sd 0:0:0:0: [sda] 4194304 512-byte hardware sectors: (2.14 GB/2.00 GiB)
May  9 12:23:56 ubuntu kernel: sd 0:0:0:0: [sda] Write Protect is off
May  9 12:23:56 ubuntu kernel: sd 0:0:0:0: [sda] Mode Sense: 14 00 00 00
May  9 12:23:56 ubuntu kernel: sd 0:0:0:0: [sda] Write cache: enabled, read cache: enabled, doesn't support DPO or FUA
May  9 12:23:56 ubuntu kernel: sd 0:0:0:0: [sda] 4194304 512-byte hardware sectors: (2.14 GB/2.00 GiB)
May  9 12:23:56 ubuntu kernel: sd 0:0:0:0: [sda] Write Protect is off
May  9 12:23:56 ubuntu kernel: sd 0:0:0:0: [sda] Mode Sense: 14 00 00 00
May  9 12:23:56 ubuntu kernel: sd 0:0:0:0: [sda] Write cache: enabled, read cache: enabled, doesn't support DPO or FUA
May  9 12:23:56 ubuntu kernel:  sda: unknown partition table
May  9 12:23:56 ubuntu kernel: sd 0:0:0:0: [sda] Attached SCSI disk
May  9 12:23:56 ubuntu kernel: mice: PS/2 mouse device common for all mice
May  9 12:23:56 ubuntu kernel: rtc-pl031 dev:e8: rtc core: registered pl031 as rtc0
May  9 12:23:56 ubuntu kernel: md: linear personality registered for level -1
May  9 12:23:56 ubuntu kernel: md: multipath personality registered for level -4
May  9 12:23:56 ubuntu kernel: md: faulty personality registered for level -5
May  9 12:23:56 ubuntu kernel: device-mapper: ioctl: 4.14.0-ioctl (2008-04-23) initialised: dm-devel@redhat.com
May  9 12:23:56 ubuntu kernel: TCP cubic registered
May  9 12:23:56 ubuntu kernel: NET: Registered protocol family 17
May  9 12:23:56 ubuntu kernel: RPC: Registered udp transport module.
May  9 12:23:56 ubuntu kernel: RPC: Registered tcp transport module.
May  9 12:23:56 ubuntu kernel: VFP support v0.3: implementor 41 architecture 1 part 10 variant 9 rev 0
May  9 12:23:56 ubuntu kernel: input: AT Raw Set 2 keyboard as /class/input/input0
May  9 12:23:56 ubuntu kernel: rtc-pl031 dev:e8: setting system clock to 2009-05-09 04:21:59 UTC (1241842919)
May  9 12:23:56 ubuntu kernel: input: ImExPS/2 Generic Explorer Mouse as /class/input/input1
May  9 12:23:56 ubuntu kernel: md: Waiting for all devices to be available before autodetect
May  9 12:23:56 ubuntu kernel: md: If you don't use raid, use raid=noautodetect
May  9 12:23:56 ubuntu kernel: md: Autodetecting RAID arrays.
May  9 12:23:56 ubuntu kernel: md: Scanned 0 and added 0 devices.
May  9 12:23:56 ubuntu kernel: md: autorun ...
May  9 12:23:56 ubuntu kernel: md: ... autorun DONE.
May  9 12:23:56 ubuntu kernel: VFS: Mounted root (ext2 filesystem) readonly.
May  9 12:23:56 ubuntu kernel: Freeing init memory: 136K
May  9 12:23:56 ubuntu kernel: eth0: link up
May  9 12:23:56 ubuntu kernel: EXT2-fs warning: mounting unchecked fs, running e2fsck is recommended
May  9 12:24:02 ubuntu init: ttyS0 main process (1318) terminated with status 1
May  9 12:24:03 ubuntu init: ttyS0 main process ended, respawning
May  9 12:24:13 ubuntu init: ttyS0 main process (1403) terminated with status 1
May  9 12:24:13 ubuntu init: ttyS0 main process ended, respawning
May  9 12:24:23 ubuntu init: ttyS0 main process (1507) terminated with status 1
May  9 12:24:23 ubuntu init: ttyS0 main process ended, respawning
May  9 12:24:33 ubuntu init: ttyS0 main process (1536) terminated with status 1
May  9 12:24:33 ubuntu init: ttyS0 main process ended, respawning
May  9 12:24:44 ubuntu init: ttyS0 main process (1574) terminated with status 1
May  9 12:24:44 ubuntu init: ttyS0 main process ended, respawning
May  9 12:24:55 ubuntu init: ttyS0 main process (1579) terminated with status 1
May  9 12:24:55 ubuntu init: ttyS0 main process ended, respawning
May  9 12:25:05 ubuntu init: ttyS0 main process (1602) terminated with status 1
May  9 12:25:05 ubuntu init: ttyS0 main process ended, respawning
May  9 12:25:06 ubuntu console-kit-daemon[1406]: WARNING: Couldn't read /proc/1402/environ: Failed to open file '/proc/1402/environ': No such file or directory 
May  9 12:25:15 ubuntu init: ttyS0 main process (1617) terminated with status 1
May  9 12:25:15 ubuntu init: ttyS0 main process ended, respawning
May  9 12:25:25 ubuntu init: ttyS0 main process (1654) terminated with status 1
May  9 12:25:25 ubuntu init: ttyS0 main process ended, respawning
May  9 12:25:39 ubuntu init: ttyS0 main process (1673) terminated with status 1
May  9 12:25:39 ubuntu init: ttyS0 main process ended, respawning
May  9 12:25:49 ubuntu init: ttyS0 main process (1677) terminated with status 1
May  9 12:25:49 ubuntu init: ttyS0 main process ended, respawning
May  9 12:25:59 ubuntu init: ttyS0 main process (1679) terminated with status 1
May  9 12:25:59 ubuntu init: ttyS0 main process ended, respawning
May  9 12:26:10 ubuntu init: ttyS0 main process (1680) terminated with status 1
May  9 12:26:10 ubuntu init: ttyS0 main process ended, respawning
May  9 12:26:20 ubuntu init: ttyS0 main process (1681) terminated with status 1
May  9 12:26:20 ubuntu init: ttyS0 main process ended, respawning
May  9 12:26:30 ubuntu init: ttyS0 main process (1682) terminated with status 1
May  9 12:26:30 ubuntu init: ttyS0 main process ended, respawning
May  9 12:26:40 ubuntu init: ttyS0 main process (1683) terminated with status 1
May  9 12:26:40 ubuntu init: ttyS0 main process ended, respawning
May  9 12:26:50 ubuntu init: ttyS0 main process (1684) terminated with status 1
May  9 12:26:50 ubuntu init: ttyS0 main process ended, respawning
May  9 12:27:06 ubuntu init: ttyS0 main process (1694) terminated with status 1
May  9 12:27:06 ubuntu init: ttyS0 main process ended, respawning
May  9 12:27:17 ubuntu init: ttyS0 main process (1697) terminated with status 1
May  9 12:27:20 ubuntu init: ttyS0 main process ended, respawning
May  9 12:27:31 ubuntu init: ttyS0 main process (1701) terminated with status 1
May  9 12:27:31 ubuntu init: ttyS0 main process ended, respawning
May  9 12:27:41 ubuntu init: ttyS0 main process (1722) terminated with status 1
May  9 12:27:41 ubuntu init: ttyS0 main process ended, respawning
May  9 12:28:03 ubuntu init: ttyS0 main process (1723) terminated with status 1
May  9 12:28:03 ubuntu init: ttyS0 main process ended, respawning
May  9 12:28:13 ubuntu init: ttyS0 main process (1725) terminated with status 1
May  9 12:28:13 ubuntu init: ttyS0 main process ended, respawning
May  9 12:28:23 ubuntu init: ttyS0 main process (1726) terminated with status 1
May  9 12:28:23 ubuntu init: ttyS0 main process ended, respawning
May  9 12:28:33 ubuntu init: ttyS0 main process (1729) terminated with status 1
May  9 12:28:33 ubuntu init: ttyS0 main process ended, respawning
May  9 12:28:44 ubuntu init: ttyS0 main process (1732) terminated with status 1
May  9 12:28:44 ubuntu init: ttyS0 main process ended, respawning
May  9 12:28:54 ubuntu init: ttyS0 main process (1737) terminated with status 1
May  9 12:28:54 ubuntu init: ttyS0 main process ended, respawning
May  9 12:29:07 ubuntu init: ttyS0 main process (1738) terminated with status 1
May  9 12:29:07 ubuntu init: ttyS0 main process ended, respawning
May  9 12:29:21 ubuntu init: ttyS0 main process (1739) terminated with status 1
May  9 12:29:21 ubuntu init: ttyS0 main process ended, respawning
May  9 12:29:31 ubuntu init: ttyS0 main process (1740) terminated with status 1
May  9 12:29:31 ubuntu init: ttyS0 main process ended, respawning
May  9 12:29:41 ubuntu init: ttyS0 main process (1741) terminated with status 1
May  9 12:29:41 ubuntu init: ttyS0 main process ended, respawning
May  9 12:29:51 ubuntu init: ttyS0 main process (1742) terminated with status 1
May  9 12:29:51 ubuntu init: ttyS0 main process ended, respawning
May  9 12:30:01 ubuntu init: ttyS0 main process (1743) terminated with status 1
May  9 12:30:01 ubuntu init: ttyS0 main process ended, respawning
May  9 12:30:11 ubuntu init: ttyS0 main process (1744) terminated with status 1
May  9 12:30:11 ubuntu init: ttyS0 main process ended, respawning
May  9 12:30:22 ubuntu init: ttyS0 main process (1745) terminated with status 1
May  9 12:30:22 ubuntu init: ttyS0 main process ended, respawning
May  9 12:30:33 ubuntu init: ttyS0 main process (1750) terminated with status 1
May  9 12:30:33 ubuntu init: ttyS0 main process ended, respawning
May  9 12:30:43 ubuntu init: ttyS0 main process (1752) terminated with status 1
May  9 12:30:43 ubuntu init: ttyS0 main process ended, respawning
May  9 12:30:53 ubuntu init: ttyS0 main process (1753) terminated with status 1
May  9 12:30:53 ubuntu init: ttyS0 main process ended, respawning
May  9 12:31:03 ubuntu init: ttyS0 main process (1754) terminated with status 1
May  9 12:31:03 ubuntu init: ttyS0 main process ended, respawning
May  9 12:31:13 ubuntu init: ttyS0 main process (1755) terminated with status 1
May  9 12:31:13 ubuntu init: ttyS0 main process ended, respawning
May  9 12:31:24 ubuntu init: ttyS0 main process (1756) terminated with status 1
May  9 12:31:24 ubuntu init: ttyS0 main process ended, respawning
May  9 12:31:34 ubuntu init: ttyS0 main process (1757) terminated with status 1
May  9 12:31:34 ubuntu init: ttyS0 main process ended, respawning
May  9 12:31:44 ubuntu init: ttyS0 main process (1758) terminated with status 1
May  9 12:31:44 ubuntu init: ttyS0 main process ended, respawning
May  9 12:31:54 ubuntu init: ttyS0 main process (1759) terminated with status 1
May  9 12:31:54 ubuntu init: ttyS0 main process ended, respawning
May  9 12:32:04 ubuntu init: ttyS0 main process (1760) terminated with status 1
May  9 12:32:04 ubuntu init: ttyS0 main process ended, respawning
May  9 12:32:14 ubuntu init: ttyS0 main process (1761) terminated with status 1
May  9 12:32:14 ubuntu init: ttyS0 main process ended, respawning
May  9 12:32:24 ubuntu init: ttyS0 main process (1762) terminated with status 1
May  9 12:32:24 ubuntu init: ttyS0 main process ended, respawning
May  9 12:32:39 ubuntu init: ttyS0 main process (1763) terminated with status 1
May  9 12:32:39 ubuntu init: ttyS0 main process ended, respawning
May  9 12:32:49 ubuntu init: ttyS0 main process (1764) terminated with status 1
May  9 12:32:49 ubuntu init: ttyS0 main process ended, respawning
May  9 12:33:14 ubuntu init: ttyS0 main process (1765) terminated with status 1
May  9 12:33:15 ubuntu init: ttyS0 main process ended, respawning
May  9 12:33:44 ubuntu init: ttyS0 main process (1766) terminated with status 1
May  9 12:33:44 ubuntu init: ttyS0 main process ended, respawning
May  9 12:33:55 ubuntu init: ttyS0 main process (1767) terminated with status 1
May  9 12:33:55 ubuntu init: ttyS0 main process ended, respawning
May  9 12:34:05 ubuntu init: ttyS0 main process (1768) terminated with status 1
May  9 12:34:05 ubuntu init: ttyS0 main process ended, respawning
May  9 12:34:15 ubuntu init: ttyS0 main process (1769) terminated with status 1
May  9 12:34:15 ubuntu init: ttyS0 main process ended, respawning
May  9 12:34:26 ubuntu init: ttyS0 main process (1770) terminated with status 1
May  9 12:34:26 ubuntu init: ttyS0 main process ended, respawning
May  9 12:34:36 ubuntu init: ttyS0 main process (1771) terminated with status 1
May  9 12:34:36 ubuntu init: ttyS0 main process ended, respawning
May  9 12:34:47 ubuntu init: ttyS0 main process (1772) terminated with status 1
May  9 12:34:47 ubuntu init: ttyS0 main process ended, respawning
May  9 12:34:59 ubuntu init: ttyS0 main process (1773) terminated with status 1
May  9 12:34:59 ubuntu init: ttyS0 main process ended, respawning
May  9 12:35:09 ubuntu init: ttyS0 main process (1774) terminated with status 1
May  9 12:35:09 ubuntu init: ttyS0 main process ended, respawning
May  9 12:35:23 ubuntu init: ttyS0 main process (1775) terminated with status 1
May  9 12:35:23 ubuntu init: ttyS0 main process ended, respawning
May  9 12:35:33 ubuntu init: ttyS0 main process (1777) terminated with status 1
May  9 12:35:33 ubuntu init: ttyS0 main process ended, respawning
May  9 12:35:45 ubuntu init: ttyS0 main process (1778) terminated with status 1
May  9 12:35:45 ubuntu init: ttyS0 main process ended, respawning
May  9 12:35:55 ubuntu init: ttyS0 main process (1779) terminated with status 1
May  9 12:35:55 ubuntu init: ttyS0 main process ended, respawning
May  9 12:36:06 ubuntu init: ttyS0 main process (1780) terminated with status 1
May  9 12:36:06 ubuntu init: ttyS0 main process ended, respawning
May  9 12:36:16 ubuntu init: ttyS0 main process (1781) terminated with status 1
May  9 12:36:17 ubuntu init: ttyS0 main process ended, respawning
May  9 12:36:27 ubuntu init: ttyS0 main process (1782) terminated with status 1
May  9 12:36:27 ubuntu init: ttyS0 main process ended, respawning
May  9 12:36:37 ubuntu init: ttyS0 main process (1783) terminated with status 1
May  9 12:36:37 ubuntu init: ttyS0 main process ended, respawning
May  9 12:36:48 ubuntu init: ttyS0 main process (1784) terminated with status 1
May  9 12:36:48 ubuntu init: ttyS0 main process ended, respawning
May  9 12:36:58 ubuntu init: ttyS0 main process (1788) terminated with status 1
May  9 12:36:58 ubuntu init: ttyS0 main process ended, respawning
May  9 12:37:08 ubuntu init: ttyS0 main process (1790) terminated with status 1
May  9 12:37:08 ubuntu init: ttyS0 main process ended, respawning
May  9 12:37:18 ubuntu init: ttyS0 main process (1791) terminated with status 1
May  9 12:37:18 ubuntu init: ttyS0 main process ended, respawning
May  9 12:37:28 ubuntu init: ttyS0 main process (1793) terminated with status 1
May  9 12:37:28 ubuntu init: ttyS0 main process ended, respawning
May  9 12:37:38 ubuntu init: ttyS0 main process (1794) terminated with status 1
May  9 12:37:38 ubuntu init: ttyS0 main process ended, respawning
May  9 12:37:49 ubuntu init: ttyS0 main process (1796) terminated with status 1
May  9 12:37:49 ubuntu init: ttyS0 main process ended, respawning
May  9 12:37:59 ubuntu init: ttyS0 main process (1798) terminated with status 1
May  9 12:37:59 ubuntu init: ttyS0 main process ended, respawning
May  9 12:38:09 ubuntu init: ttyS0 main process (1800) terminated with status 1
May  9 12:38:09 ubuntu init: ttyS0 main process ended, respawning
May  9 12:38:19 ubuntu init: ttyS0 main process (1802) terminated with status 1
May  9 12:38:19 ubuntu init: ttyS0 main process ended, respawning
May  9 12:38:29 ubuntu init: ttyS0 main process (1805) terminated with status 1
May  9 12:38:29 ubuntu init: ttyS0 main process ended, respawning
May  9 12:38:39 ubuntu init: ttyS0 main process (1807) terminated with status 1
May  9 12:38:39 ubuntu init: ttyS0 main process ended, respawning
May  9 12:38:53 ubuntu init: ttyS0 main process (1809) terminated with status 1
May  9 12:38:53 ubuntu init: ttyS0 main process ended, respawning
May  9 12:39:03 ubuntu init: ttyS0 main process (1810) terminated with status 1
May  9 12:39:03 ubuntu init: ttyS0 main process ended, respawning
May  9 12:39:13 ubuntu init: ttyS0 main process (1812) terminated with status 1
May  9 12:39:13 ubuntu init: ttyS0 main process ended, respawning
May  9 12:39:23 ubuntu init: ttyS0 main process (1813) terminated with status 1
May  9 12:39:23 ubuntu init: ttyS0 main process ended, respawning
May  9 12:39:34 ubuntu init: ttyS0 main process (1816) terminated with status 1
May  9 12:39:34 ubuntu init: ttyS0 main process ended, respawning
May  9 12:39:44 ubuntu init: ttyS0 main process (1818) terminated with status 1
May  9 12:39:44 ubuntu init: ttyS0 main process ended, respawning
May  9 12:39:54 ubuntu init: ttyS0 main process (1820) terminated with status 1
May  9 12:39:55 ubuntu init: ttyS0 main process ended, respawning
May  9 12:40:05 ubuntu init: ttyS0 main process (1821) terminated with status 1
May  9 12:40:05 ubuntu init: ttyS0 main process ended, respawning
May  9 12:40:24 ubuntu init: ttyS0 main process (1822) terminated with status 1
May  9 12:40:24 ubuntu init: ttyS0 main process ended, respawning
May  9 12:40:34 ubuntu init: ttyS0 main process (1824) terminated with status 1
May  9 12:40:34 ubuntu init: ttyS0 main process ended, respawning
May  9 12:40:44 ubuntu init: ttyS0 main process (1825) terminated with status 1
May  9 12:40:44 ubuntu init: ttyS0 main process ended, respawning
May  9 12:40:54 ubuntu init: ttyS0 main process (1826) terminated with status 1
May  9 12:40:54 ubuntu init: ttyS0 main process ended, respawning
May  9 12:41:04 ubuntu init: ttyS0 main process (1827) terminated with status 1
May  9 12:41:04 ubuntu init: ttyS0 main process ended, respawning
May  9 12:41:15 ubuntu init: ttyS0 main process (1831) terminated with status 1
May  9 12:41:15 ubuntu init: ttyS0 main process ended, respawning
May  9 12:41:25 ubuntu init: ttyS0 main process (1833) terminated with status 1
May  9 12:41:25 ubuntu init: ttyS0 main process ended, respawning
May  9 12:41:42 ubuntu init: ttyS0 main process (1834) terminated with status 1
May  9 12:41:42 ubuntu init: ttyS0 main process ended, respawning
May  9 12:41:52 ubuntu init: ttyS0 main process (1836) terminated with status 1
May  9 12:41:52 ubuntu init: ttyS0 main process ended, respawning
May  9 12:42:03 ubuntu init: ttyS0 main process (1840) terminated with status 1
May  9 12:42:03 ubuntu init: ttyS0 main process ended, respawning
May  9 12:42:13 ubuntu init: ttyS0 main process (1873) terminated with status 1
May  9 12:42:13 ubuntu init: ttyS0 main process ended, respawning
May  9 12:42:23 ubuntu init: ttyS0 main process (1906) terminated with status 1
May  9 12:42:23 ubuntu init: ttyS0 main process ended, respawning
May  9 12:42:33 ubuntu init: ttyS0 main process (1919) terminated with status 1
May  9 12:42:33 ubuntu init: ttyS0 main process ended, respawning
May  9 12:42:43 ubuntu init: ttyS0 main process (1920) terminated with status 1
May  9 12:42:43 ubuntu init: ttyS0 main process ended, respawning
May  9 12:42:53 ubuntu init: ttyS0 main process (1921) terminated with status 1
May  9 12:42:53 ubuntu init: ttyS0 main process ended, respawning
May  9 12:43:03 ubuntu init: ttyS0 main process (1922) terminated with status 1
May  9 12:43:03 ubuntu init: ttyS0 main process ended, respawning
May  9 12:43:14 ubuntu init: ttyS0 main process (1923) terminated with status 1
May  9 12:43:14 ubuntu init: ttyS0 main process ended, respawning
May  9 12:43:24 ubuntu init: ttyS0 main process (1924) terminated with status 1
May  9 12:43:24 ubuntu init: ttyS0 main process ended, respawning
May  9 12:43:48 ubuntu init: ttyS0 main process (1925) terminated with status 1
May  9 12:43:48 ubuntu init: ttyS0 main process ended, respawning
May  9 12:43:59 ubuntu init: ttyS0 main process (1928) terminated with status 1
May  9 12:43:59 ubuntu init: ttyS0 main process ended, respawning
May  9 12:44:09 ubuntu init: ttyS0 main process (1933) terminated with status 1
May  9 12:44:09 ubuntu init: ttyS0 main process ended, respawning
May  9 12:44:19 ubuntu init: ttyS0 main process (1941) terminated with status 1
May  9 12:44:19 ubuntu init: ttyS0 main process ended, respawning
May  9 12:44:29 ubuntu init: ttyS0 main process (1953) terminated with status 1
May  9 12:44:29 ubuntu init: ttyS0 main process ended, respawning
May  9 12:44:40 ubuntu init: ttyS0 main process (1954) terminated with status 1
May  9 12:44:40 ubuntu init: ttyS0 main process ended, respawning
May  9 12:44:50 ubuntu init: ttyS0 main process (1955) terminated with status 1
May  9 12:44:50 ubuntu init: ttyS0 main process ended, respawning
May  9 12:45:00 ubuntu init: ttyS0 main process (1956) terminated with status 1
May  9 12:45:00 ubuntu init: ttyS0 main process ended, respawning
May  9 12:45:16 ubuntu init: ttyS0 main process (1957) terminated with status 1
May  9 12:45:16 ubuntu init: ttyS0 main process ended, respawning
May  9 12:45:27 ubuntu init: ttyS0 main process (1960) terminated with status 1
May  9 12:45:27 ubuntu init: ttyS0 main process ended, respawning
May  9 12:45:38 ubuntu init: ttyS0 main process (1965) terminated with status 1
May  9 12:45:38 ubuntu init: ttyS0 main process ended, respawning
May  9 12:45:48 ubuntu init: ttyS0 main process (1981) terminated with status 1
May  9 12:45:48 ubuntu init: ttyS0 main process ended, respawning
May  9 12:45:58 ubuntu init: ttyS0 main process (1985) terminated with status 1
May  9 12:45:58 ubuntu init: ttyS0 main process ended, respawning
May  9 12:46:08 ubuntu init: ttyS0 main process (1986) terminated with status 1
May  9 12:46:08 ubuntu init: ttyS0 main process ended, respawning
May  9 12:46:18 ubuntu init: ttyS0 main process (1987) terminated with status 1
May  9 12:46:18 ubuntu init: ttyS0 main process ended, respawning
May  9 12:46:28 ubuntu init: ttyS0 main process (1988) terminated with status 1
May  9 12:46:28 ubuntu init: ttyS0 main process ended, respawning
May  9 12:46:39 ubuntu init: ttyS0 main process (1989) terminated with status 1
May  9 12:46:39 ubuntu init: ttyS0 main process ended, respawning
May  9 12:47:02 ubuntu init: ttyS0 main process (1990) terminated with status 1
May  9 12:47:02 ubuntu init: ttyS0 main process ended, respawning
May  9 12:47:29 ubuntu init: ttyS0 main process (1992) terminated with status 1
May  9 12:47:29 ubuntu init: ttyS0 main process ended, respawning
May  9 12:47:40 ubuntu init: ttyS0 main process (1994) terminated with status 1
May  9 12:47:40 ubuntu init: ttyS0 main process ended, respawning
May  9 12:47:50 ubuntu init: ttyS0 main process (1995) terminated with status 1
May  9 12:47:50 ubuntu init: ttyS0 main process ended, respawning
May  9 12:48:00 ubuntu init: ttyS0 main process (1996) terminated with status 1
May  9 12:48:00 ubuntu init: ttyS0 main process ended, respawning
May  9 12:48:10 ubuntu init: ttyS0 main process (1997) terminated with status 1
May  9 12:48:10 ubuntu init: ttyS0 main process ended, respawning
May  9 12:48:20 ubuntu init: ttyS0 main process (1998) terminated with status 1
May  9 12:48:20 ubuntu init: ttyS0 main process ended, respawning
May  9 12:48:30 ubuntu init: ttyS0 main process (1999) terminated with status 1
May  9 12:48:30 ubuntu init: ttyS0 main process ended, respawning
May  9 12:48:41 ubuntu init: ttyS0 main process (2000) terminated with status 1
May  9 12:48:41 ubuntu init: ttyS0 main process ended, respawning
May  9 12:48:53 ubuntu init: ttyS0 main process (2001) terminated with status 1
May  9 12:48:53 ubuntu init: ttyS0 main process ended, respawning
May  9 12:49:03 ubuntu init: ttyS0 main process (2004) terminated with status 1
May  9 12:49:03 ubuntu init: ttyS0 main process ended, respawning
May  9 12:49:14 ubuntu init: ttyS0 main process (2010) terminated with status 1
May  9 12:49:14 ubuntu init: ttyS0 main process ended, respawning
May  9 12:49:24 ubuntu init: ttyS0 main process (2039) terminated with status 1
May  9 12:49:24 ubuntu init: ttyS0 main process ended, respawning
May  9 12:49:34 ubuntu init: ttyS0 main process (2080) terminated with status 1
May  9 12:49:34 ubuntu init: ttyS0 main process ended, respawning
May  9 12:49:44 ubuntu init: ttyS0 main process (2081) terminated with status 1
May  9 12:49:44 ubuntu init: ttyS0 main process ended, respawning
May  9 12:49:54 ubuntu init: ttyS0 main process (2082) terminated with status 1
May  9 12:49:54 ubuntu init: ttyS0 main process ended, respawning
May  9 12:50:06 ubuntu init: ttyS0 main process (2083) terminated with status 1
May  9 12:50:06 ubuntu init: ttyS0 main process ended, respawning
May  9 12:50:17 ubuntu init: ttyS0 main process (2086) terminated with status 1
May  9 12:50:17 ubuntu init: ttyS0 main process ended, respawning
May  9 12:50:27 ubuntu init: ttyS0 main process (2093) terminated with status 1
May  9 12:50:27 ubuntu init: ttyS0 main process ended, respawning
May  9 12:50:37 ubuntu init: ttyS0 main process (2101) terminated with status 1
May  9 12:50:37 ubuntu init: ttyS0 main process ended, respawning
May  9 12:50:47 ubuntu init: ttyS0 main process (2106) terminated with status 1
May  9 12:50:47 ubuntu init: ttyS0 main process ended, respawning
May  9 12:50:57 ubuntu init: ttyS0 main process (2107) terminated with status 1
May  9 12:50:57 ubuntu init: ttyS0 main process ended, respawning
May  9 12:51:08 ubuntu init: ttyS0 main process (2108) terminated with status 1
May  9 12:51:08 ubuntu init: ttyS0 main process ended, respawning
May  9 12:51:18 ubuntu init: ttyS0 main process (2109) terminated with status 1
May  9 12:51:18 ubuntu init: ttyS0 main process ended, respawning
May  9 12:51:28 ubuntu init: ttyS0 main process (2110) terminated with status 1
May  9 12:51:28 ubuntu init: ttyS0 main process ended, respawning
May  9 12:51:38 ubuntu init: ttyS0 main process (2111) terminated with status 1
May  9 12:51:38 ubuntu init: ttyS0 main process ended, respawning
May  9 12:51:48 ubuntu init: ttyS0 main process (2112) terminated with status 1
May  9 12:51:48 ubuntu init: ttyS0 main process ended, respawning
May  9 12:51:59 ubuntu init: ttyS0 main process (2113) terminated with status 1
May  9 12:51:59 ubuntu init: ttyS0 main process ended, respawning
May  9 12:52:09 ubuntu init: ttyS0 main process (2114) terminated with status 1
May  9 12:52:09 ubuntu init: ttyS0 main process ended, respawning
May  9 12:52:19 ubuntu init: ttyS0 main process (2115) terminated with status 1
May  9 12:52:19 ubuntu init: ttyS0 main process ended, respawning
May  9 12:52:29 ubuntu init: ttyS0 main process (2116) terminated with status 1
May  9 12:52:29 ubuntu init: ttyS0 main process ended, respawning
May  9 12:52:39 ubuntu init: ttyS0 main process (2117) terminated with status 1
May  9 12:52:39 ubuntu init: ttyS0 main process ended, respawning
May  9 12:52:50 ubuntu init: ttyS0 main process (2118) terminated with status 1
May  9 12:52:50 ubuntu init: ttyS0 main process ended, respawning
May  9 12:53:00 ubuntu init: ttyS0 main process (2119) terminated with status 1
May  9 12:53:00 ubuntu init: ttyS0 main process ended, respawning
May  9 12:53:10 ubuntu init: ttyS0 main process (2120) terminated with status 1
May  9 12:53:10 ubuntu init: ttyS0 main process ended, respawning
May  9 12:53:20 ubuntu init: ttyS0 main process (2121) terminated with status 1
May  9 12:53:20 ubuntu init: ttyS0 main process ended, respawning
May  9 12:53:31 ubuntu init: ttyS0 main process (2122) terminated with status 1
May  9 12:53:31 ubuntu init: ttyS0 main process ended, respawning
May  9 12:53:41 ubuntu init: ttyS0 main process (2123) terminated with status 1
May  9 12:53:41 ubuntu init: ttyS0 main process ended, respawning
May  9 12:53:52 ubuntu init: ttyS0 main process (2124) terminated with status 1
May  9 12:53:52 ubuntu init: ttyS0 main process ended, respawning
May  9 12:54:02 ubuntu init: ttyS0 main process (2125) terminated with status 1
May  9 12:54:03 ubuntu init: ttyS0 main process ended, respawning
May  9 12:54:17 ubuntu init: ttyS0 main process (2128) terminated with status 1
May  9 12:54:17 ubuntu init: ttyS0 main process ended, respawning
May  9 12:54:27 ubuntu init: ttyS0 main process (2129) terminated with status 1
May  9 12:54:27 ubuntu init: ttyS0 main process ended, respawning
May  9 12:54:38 ubuntu init: ttyS0 main process (2130) terminated with status 1
May  9 12:54:38 ubuntu init: ttyS0 main process ended, respawning
May  9 12:54:48 ubuntu init: ttyS0 main process (2131) terminated with status 1
May  9 12:54:48 ubuntu init: ttyS0 main process ended, respawning
May  9 12:54:59 ubuntu init: ttyS0 main process (2132) terminated with status 1
May  9 12:54:59 ubuntu init: ttyS0 main process ended, respawning
May  9 12:55:11 ubuntu init: ttyS0 main process (2133) terminated with status 1
May  9 12:55:11 ubuntu init: ttyS0 main process ended, respawning
May  9 12:55:22 ubuntu init: ttyS0 main process (2134) terminated with status 1
May  9 12:55:22 ubuntu init: ttyS0 main process ended, respawning
May  9 12:55:32 ubuntu init: ttyS0 main process (2135) terminated with status 1
May  9 12:55:32 ubuntu init: ttyS0 main process ended, respawning
May  9 12:55:43 ubuntu init: ttyS0 main process (2136) terminated with status 1
May  9 12:55:43 ubuntu init: ttyS0 main process ended, respawning
May  9 12:55:53 ubuntu init: ttyS0 main process (2137) terminated with status 1
May  9 12:55:53 ubuntu init: ttyS0 main process ended, respawning
May  9 12:56:04 ubuntu init: ttyS0 main process (2138) terminated with status 1
May  9 12:56:04 ubuntu init: ttyS0 main process ended, respawning
May  9 12:56:15 ubuntu init: ttyS0 main process (2139) terminated with status 1
May  9 12:56:15 ubuntu init: ttyS0 main process ended, respawning
May  9 12:56:25 ubuntu init: ttyS0 main process (2140) terminated with status 1
May  9 12:56:25 ubuntu init: ttyS0 main process ended, respawning
May  9 12:56:35 ubuntu init: ttyS0 main process (2141) terminated with status 1
May  9 12:56:35 ubuntu init: ttyS0 main process ended, respawning
May  9 12:56:45 ubuntu init: ttyS0 main process (2142) terminated with status 1
May  9 12:56:45 ubuntu init: ttyS0 main process ended, respawning
May  9 12:56:55 ubuntu init: ttyS0 main process (2143) terminated with status 1
May  9 12:56:55 ubuntu init: ttyS0 main process ended, respawning
May  9 12:57:06 ubuntu init: ttyS0 main process (2144) terminated with status 1
May  9 12:57:06 ubuntu init: ttyS0 main process ended, respawning
May  9 12:57:16 ubuntu init: ttyS0 main process (2146) terminated with status 1
May  9 12:57:16 ubuntu init: ttyS0 main process ended, respawning
May  9 12:57:27 ubuntu init: ttyS0 main process (2147) terminated with status 1
May  9 12:57:27 ubuntu init: ttyS0 main process ended, respawning
May  9 12:57:37 ubuntu init: ttyS0 main process (2148) terminated with status 1
May  9 12:57:37 ubuntu init: ttyS0 main process ended, respawning
May  9 12:57:47 ubuntu init: ttyS0 main process (2150) terminated with status 1
May  9 12:57:47 ubuntu init: ttyS0 main process ended, respawning
May  9 12:57:57 ubuntu init: ttyS0 main process (2151) terminated with status 1
May  9 12:57:57 ubuntu init: ttyS0 main process ended, respawning
May  9 12:58:07 ubuntu init: ttyS0 main process (2153) terminated with status 1
May  9 12:58:07 ubuntu init: ttyS0 main process ended, respawning
May  9 12:58:18 ubuntu init: ttyS0 main process (2154) terminated with status 1
May  9 12:58:18 ubuntu init: ttyS0 main process ended, respawning
May  9 12:58:28 ubuntu init: ttyS0 main process (2155) terminated with status 1
May  9 12:58:28 ubuntu init: ttyS0 main process ended, respawning
May  9 12:58:39 ubuntu init: ttyS0 main process (2156) terminated with status 1
May  9 12:58:39 ubuntu init: ttyS0 main process ended, respawning
May  9 12:58:49 ubuntu init: ttyS0 main process (2157) terminated with status 1
May  9 12:58:49 ubuntu init: ttyS0 main process ended, respawning
May  9 12:59:00 ubuntu init: ttyS0 main process (2158) terminated with status 1
May  9 12:59:00 ubuntu init: ttyS0 main process ended, respawning
May  9 12:59:10 ubuntu init: ttyS0 main process (2159) terminated with status 1
May  9 12:59:10 ubuntu init: ttyS0 main process ended, respawning
May  9 12:59:24 ubuntu init: ttyS0 main process (2160) terminated with status 1
May  9 12:59:24 ubuntu init: ttyS0 main process ended, respawning
May  9 12:59:34 ubuntu init: ttyS0 main process (2161) terminated with status 1
May  9 12:59:34 ubuntu init: ttyS0 main process ended, respawning
May  9 12:59:44 ubuntu init: ttyS0 main process (2162) terminated with status 1
May  9 12:59:44 ubuntu init: ttyS0 main process ended, respawning
May  9 13:00:06 ubuntu init: ttyS0 main process (2163) terminated with status 1
May  9 13:00:06 ubuntu init: ttyS0 main process ended, respawning
May  9 13:00:16 ubuntu init: ttyS0 main process (2164) terminated with status 1
May  9 13:00:16 ubuntu init: ttyS0 main process ended, respawning
May  9 13:00:27 ubuntu init: ttyS0 main process (2165) terminated with status 1
May  9 13:00:27 ubuntu init: ttyS0 main process ended, respawning
May  9 13:00:38 ubuntu init: ttyS0 main process (2166) terminated with status 1
May  9 13:00:38 ubuntu init: ttyS0 main process ended, respawning
May  9 13:00:48 ubuntu init: ttyS0 main process (2167) terminated with status 1
May  9 13:00:48 ubuntu init: ttyS0 main process ended, respawning
May  9 13:01:00 ubuntu init: ttyS0 main process (2168) terminated with status 1
May  9 13:01:00 ubuntu init: ttyS0 main process ended, respawning
May  9 13:01:10 ubuntu init: ttyS0 main process (2169) terminated with status 1
May  9 13:01:10 ubuntu init: ttyS0 main process ended, respawning
May  9 13:01:25 ubuntu init: ttyS0 main process (2170) terminated with status 1
May  9 13:01:25 ubuntu init: ttyS0 main process ended, respawning
May  9 13:01:36 ubuntu init: ttyS0 main process (2171) terminated with status 1
May  9 13:01:42 ubuntu init: ttyS0 main process ended, respawning
May  9 13:01:53 ubuntu init: ttyS0 main process (2172) terminated with status 1
May  9 13:01:53 ubuntu init: ttyS0 main process ended, respawning
May  9 13:02:03 ubuntu init: ttyS0 main process (2173) terminated with status 1
May  9 13:02:03 ubuntu init: ttyS0 main process ended, respawning
May  9 13:02:13 ubuntu init: ttyS0 main process (2177) terminated with status 1
May  9 13:02:13 ubuntu init: ttyS0 main process ended, respawning
May  9 13:02:23 ubuntu init: ttyS0 main process (2178) terminated with status 1
May  9 13:02:23 ubuntu init: ttyS0 main process ended, respawning
May  9 13:02:34 ubuntu init: ttyS0 main process (2179) terminated with status 1
May  9 13:02:34 ubuntu init: ttyS0 main process ended, respawning
May  9 13:02:45 ubuntu init: ttyS0 main process (2182) terminated with status 1
May  9 13:02:45 ubuntu init: ttyS0 main process ended, respawning
May  9 13:02:55 ubuntu init: ttyS0 main process (2183) terminated with status 1
May  9 13:02:55 ubuntu init: ttyS0 main process ended, respawning
May  9 13:03:05 ubuntu init: ttyS0 main process (2184) terminated with status 1
May  9 13:03:05 ubuntu init: ttyS0 main process ended, respawning
May  9 13:03:16 ubuntu init: ttyS0 main process (2185) terminated with status 1
May  9 13:03:16 ubuntu init: ttyS0 main process ended, respawning
May  9 13:03:27 ubuntu init: ttyS0 main process (2186) terminated with status 1
May  9 13:03:27 ubuntu init: ttyS0 main process ended, respawning
May  9 13:03:43 ubuntu init: ttyS0 main process (2187) terminated with status 1
May  9 13:03:43 ubuntu init: ttyS0 main process ended, respawning
May  9 13:03:55 ubuntu init: ttyS0 main process (2190) terminated with status 1
May  9 13:03:55 ubuntu init: ttyS0 main process ended, respawning
May  9 13:04:57 ubuntu init: ttyS0 main process (2191) terminated with status 1
May  9 13:04:57 ubuntu init: ttyS0 main process ended, respawning
May  9 13:06:51 ubuntu init: ttyS0 main process (2193) terminated with status 1
May  9 13:06:51 ubuntu init: ttyS0 main process ended, respawning
May  9 13:07:07 ubuntu init: ttyS0 main process (2194) terminated with status 1
May  9 13:07:07 ubuntu init: ttyS0 main process ended, respawning
May  9 13:07:19 ubuntu init: ttyS0 main process (2195) terminated with status 1
May  9 13:07:19 ubuntu init: ttyS0 main process ended, respawning
May  9 13:07:29 ubuntu init: ttyS0 main process (2196) terminated with status 1
May  9 13:07:29 ubuntu init: ttyS0 main process ended, respawning
May  9 13:07:39 ubuntu init: ttyS0 main process (2197) terminated with status 1
May  9 13:07:39 ubuntu init: ttyS0 main process ended, respawning
May  9 13:07:49 ubuntu init: ttyS0 main process (2198) terminated with status 1
May  9 13:07:49 ubuntu init: ttyS0 main process ended, respawning
May  9 13:07:59 ubuntu init: ttyS0 main process (2199) terminated with status 1
May  9 13:07:59 ubuntu init: ttyS0 main process ended, respawning
May  9 13:08:09 ubuntu init: ttyS0 main process (2200) terminated with status 1
May  9 13:08:09 ubuntu init: ttyS0 main process ended, respawning
May  9 13:08:20 ubuntu init: ttyS0 main process (2201) terminated with status 1
May  9 13:08:20 ubuntu init: ttyS0 main process ended, respawning
May  9 13:08:30 ubuntu init: ttyS0 main process (2202) terminated with status 1
May  9 13:08:30 ubuntu init: ttyS0 main process ended, respawning
May  9 13:08:41 ubuntu init: ttyS0 main process (2203) terminated with status 1
May  9 13:08:41 ubuntu init: ttyS0 main process ended, respawning
May  9 13:08:51 ubuntu init: ttyS0 main process (2204) terminated with status 1
May  9 13:08:51 ubuntu init: ttyS0 main process ended, respawning
May  9 13:09:01 ubuntu init: ttyS0 main process (2205) terminated with status 1
May  9 13:09:01 ubuntu init: ttyS0 main process ended, respawning
May  9 13:09:12 ubuntu init: ttyS0 main process (2206) terminated with status 1
May  9 13:09:12 ubuntu init: ttyS0 main process ended, respawning
May  9 13:09:24 ubuntu init: ttyS0 main process (2207) terminated with status 1
May  9 13:09:24 ubuntu init: ttyS0 main process ended, respawning
May  9 13:09:37 ubuntu init: ttyS0 main process (2208) terminated with status 1
May  9 13:09:37 ubuntu init: ttyS0 main process ended, respawning
May  9 13:09:48 ubuntu init: ttyS0 main process (2209) terminated with status 1
May  9 13:09:48 ubuntu init: ttyS0 main process ended, respawning
May  9 13:09:58 ubuntu init: ttyS0 main process (2210) terminated with status 1
May  9 13:09:58 ubuntu init: ttyS0 main process ended, respawning
May  9 13:10:09 ubuntu init: ttyS0 main process (2211) terminated with status 1
May  9 13:10:09 ubuntu init: ttyS0 main process ended, respawning
May  9 13:10:19 ubuntu init: ttyS0 main process (2212) terminated with status 1
May  9 13:10:19 ubuntu init: ttyS0 main process ended, respawning
May  9 13:10:29 ubuntu init: ttyS0 main process (2213) terminated with status 1
May  9 13:10:29 ubuntu init: ttyS0 main process ended, respawning
May  9 13:10:41 ubuntu init: ttyS0 main process (2214) terminated with status 1
May  9 13:10:41 ubuntu init: ttyS0 main process ended, respawning
May  9 13:10:51 ubuntu init: ttyS0 main process (2215) terminated with status 1
May  9 13:10:51 ubuntu init: ttyS0 main process ended, respawning
May  9 13:11:01 ubuntu init: ttyS0 main process (2216) terminated with status 1
May  9 13:11:01 ubuntu init: ttyS0 main process ended, respawning
May  9 13:11:12 ubuntu init: ttyS0 main process (2217) terminated with status 1
May  9 13:11:12 ubuntu init: ttyS0 main process ended, respawning
May  9 13:11:23 ubuntu init: ttyS0 main process (2218) terminated with status 1
May  9 13:11:23 ubuntu init: ttyS0 main process ended, respawning
May  9 13:11:33 ubuntu init: ttyS0 main process (2219) terminated with status 1
May  9 13:11:33 ubuntu init: ttyS0 main process ended, respawning
May  9 13:12:03 ubuntu init: ttyS0 main process (2220) terminated with status 1
May  9 13:12:03 ubuntu init: ttyS0 main process ended, respawning
May  9 13:12:13 ubuntu init: ttyS0 main process (2221) terminated with status 1
May  9 13:12:13 ubuntu init: ttyS0 main process ended, respawning
May  9 13:12:27 ubuntu init: ttyS0 main process (2222) terminated with status 1
May  9 13:12:27 ubuntu init: ttyS0 main process ended, respawning
May  9 13:12:38 ubuntu init: ttyS0 main process (2223) terminated with status 1
May  9 13:12:38 ubuntu init: ttyS0 main process ended, respawning
May  9 13:12:48 ubuntu init: ttyS0 main process (2224) terminated with status 1
May  9 13:12:48 ubuntu init: ttyS0 main process ended, respawning
May  9 13:13:03 ubuntu init: ttyS0 main process (2225) terminated with status 1
May  9 13:13:04 ubuntu init: ttyS0 main process ended, respawning
May  9 13:13:14 ubuntu init: ttyS0 main process (2228) terminated with status 1
May  9 13:13:14 ubuntu init: ttyS0 main process ended, respawning
May  9 13:13:25 ubuntu init: ttyS0 main process (2229) terminated with status 1
May  9 13:13:25 ubuntu init: ttyS0 main process ended, respawning
May  9 13:13:35 ubuntu init: ttyS0 main process (2230) terminated with status 1
May  9 13:13:35 ubuntu init: ttyS0 main process ended, respawning
May  9 13:13:55 ubuntu init: ttyS0 main process (2231) terminated with status 1
May  9 13:13:55 ubuntu init: ttyS0 main process ended, respawning
May  9 13:14:05 ubuntu init: ttyS0 main process (2232) terminated with status 1
May  9 13:14:05 ubuntu init: ttyS0 main process ended, respawning
May  9 13:14:16 ubuntu init: ttyS0 main process (2233) terminated with status 1
May  9 13:14:16 ubuntu init: ttyS0 main process ended, respawning
May  9 13:14:27 ubuntu init: ttyS0 main process (2234) terminated with status 1
May  9 13:14:27 ubuntu init: ttyS0 main process ended, respawning
May  9 13:14:41 ubuntu init: ttyS0 main process (2235) terminated with status 1
May  9 13:14:41 ubuntu init: ttyS0 main process ended, respawning
May  9 13:14:51 ubuntu init: ttyS0 main process (2236) terminated with status 1
May  9 13:14:51 ubuntu init: ttyS0 main process ended, respawning
May  9 13:15:01 ubuntu init: ttyS0 main process (2237) terminated with status 1
May  9 13:15:01 ubuntu init: ttyS0 main process ended, respawning
May  9 13:15:11 ubuntu init: ttyS0 main process (2238) terminated with status 1
May  9 13:15:11 ubuntu init: ttyS0 main process ended, respawning
May  9 13:15:21 ubuntu init: ttyS0 main process (2239) terminated with status 1
May  9 13:15:21 ubuntu init: ttyS0 main process ended, respawning
May  9 13:15:32 ubuntu init: ttyS0 main process (2240) terminated with status 1
May  9 13:15:32 ubuntu init: ttyS0 main process ended, respawning
May  9 13:16:38 ubuntu init: ttyS0 main process (2241) terminated with status 1
May  9 13:16:38 ubuntu init: ttyS0 main process ended, respawning
May  9 13:16:48 ubuntu init: ttyS0 main process (2243) terminated with status 1
May  9 13:16:48 ubuntu init: ttyS0 main process ended, respawning
May  9 13:16:58 ubuntu init: ttyS0 main process (2244) terminated with status 1
May  9 13:16:58 ubuntu init: ttyS0 main process ended, respawning
May  9 13:17:08 ubuntu init: ttyS0 main process (2245) terminated with status 1
May  9 13:17:08 ubuntu init: ttyS0 main process ended, respawning
May  9 13:17:21 ubuntu init: ttyS0 main process (2246) terminated with status 1
May  9 13:17:21 ubuntu init: ttyS0 main process ended, respawning
May  9 13:17:31 ubuntu init: ttyS0 main process (2248) terminated with status 1
May  9 13:17:31 ubuntu init: ttyS0 main process ended, respawning
May  9 13:17:42 ubuntu init: ttyS0 main process (2249) terminated with status 1
May  9 13:17:42 ubuntu init: ttyS0 main process ended, respawning
May  9 13:17:52 ubuntu init: ttyS0 main process (2251) terminated with status 1
May  9 13:17:52 ubuntu init: ttyS0 main process ended, respawning
May  9 13:18:02 ubuntu init: ttyS0 main process (2252) terminated with status 1
May  9 13:18:02 ubuntu init: ttyS0 main process ended, respawning
May  9 13:18:12 ubuntu init: ttyS0 main process (2253) terminated with status 1
May  9 13:18:12 ubuntu init: ttyS0 main process ended, respawning
May  9 13:18:22 ubuntu init: ttyS0 main process (2254) terminated with status 1
May  9 13:18:22 ubuntu init: ttyS0 main process ended, respawning
May  9 13:18:32 ubuntu init: ttyS0 main process (2255) terminated with status 1
May  9 13:18:32 ubuntu init: ttyS0 main process ended, respawning
May  9 13:18:43 ubuntu init: ttyS0 main process (2256) terminated with status 1
May  9 13:18:43 ubuntu init: ttyS0 main process ended, respawning
May  9 13:19:03 ubuntu init: ttyS0 main process (2257) terminated with status 1
May  9 13:19:03 ubuntu init: ttyS0 main process ended, respawning
May  9 13:19:14 ubuntu init: ttyS0 main process (2260) terminated with status 1
May  9 13:19:14 ubuntu init: ttyS0 main process ended, respawning
May  9 13:19:59 ubuntu init: ttyS0 main process (2262) terminated with status 1
May  9 13:19:59 ubuntu init: ttyS0 main process ended, respawning
May  9 13:20:09 ubuntu init: ttyS0 main process (2266) terminated with status 1
May  9 13:20:09 ubuntu init: ttyS0 main process ended, respawning
May  9 13:20:19 ubuntu init: ttyS0 main process (2306) terminated with status 1
May  9 13:20:19 ubuntu init: ttyS0 main process ended, respawning
May  9 13:20:29 ubuntu init: ttyS0 main process (2346) terminated with status 1
May  9 13:20:30 ubuntu init: ttyS0 main process ended, respawning
May  9 13:20:40 ubuntu init: ttyS0 main process (2347) terminated with status 1
May  9 13:20:40 ubuntu init: ttyS0 main process ended, respawning
May  9 13:20:50 ubuntu init: ttyS0 main process (2381) terminated with status 1
May  9 13:20:50 ubuntu init: ttyS0 main process ended, respawning
May  9 13:21:00 ubuntu init: ttyS0 main process (2433) terminated with status 1
May  9 13:21:00 ubuntu init: ttyS0 main process ended, respawning
May  9 13:21:10 ubuntu init: ttyS0 main process (2466) terminated with status 1
May  9 13:21:10 ubuntu init: ttyS0 main process ended, respawning
May  9 13:21:20 ubuntu init: ttyS0 main process (2506) terminated with status 1
May  9 13:21:20 ubuntu init: ttyS0 main process ended, respawning
May  9 13:21:31 ubuntu init: ttyS0 main process (2553) terminated with status 1
May  9 13:21:31 ubuntu init: ttyS0 main process ended, respawning
May  9 13:21:41 ubuntu init: ttyS0 main process (2596) terminated with status 1
May  9 13:21:41 ubuntu init: ttyS0 main process ended, respawning
May  9 13:21:51 ubuntu init: ttyS0 main process (2644) terminated with status 1
May  9 13:21:51 ubuntu init: ttyS0 main process ended, respawning
May  9 13:22:01 ubuntu init: ttyS0 main process (2691) terminated with status 1
May  9 13:22:01 ubuntu init: ttyS0 main process ended, respawning
May  9 13:22:12 ubuntu init: ttyS0 main process (2729) terminated with status 1
May  9 13:22:12 ubuntu init: ttyS0 main process ended, respawning
May  9 13:22:22 ubuntu init: ttyS0 main process (2771) terminated with status 1
May  9 13:22:22 ubuntu init: ttyS0 main process ended, respawning
May  9 13:22:32 ubuntu init: ttyS0 main process (2820) terminated with status 1
May  9 13:22:32 ubuntu init: ttyS0 main process ended, respawning
May  9 13:22:42 ubuntu init: ttyS0 main process (2849) terminated with status 1
May  9 13:22:42 ubuntu init: ttyS0 main process ended, respawning
May  9 13:22:52 ubuntu init: ttyS0 main process (2877) terminated with status 1
May  9 13:22:52 ubuntu init: ttyS0 main process ended, respawning
May  9 13:22:53 ubuntu dbus-daemon: Reloaded configuration
May  9 13:23:02 ubuntu init: ttyS0 main process (2912) terminated with status 1
May  9 13:23:02 ubuntu init: ttyS0 main process ended, respawning
May  9 13:23:13 ubuntu init: ttyS0 main process (2919) terminated with status 1
May  9 13:23:13 ubuntu init: ttyS0 main process ended, respawning
May  9 13:23:23 ubuntu init: ttyS0 main process (2924) terminated with status 1
May  9 13:23:23 ubuntu init: ttyS0 main process ended, respawning
May  9 13:23:33 ubuntu init: ttyS0 main process (2929) terminated with status 1
May  9 13:23:33 ubuntu init: ttyS0 main process ended, respawning
May  9 13:23:44 ubuntu init: ttyS0 main process (2938) terminated with status 1
May  9 13:23:44 ubuntu init: ttyS0 main process ended, respawning
May  9 13:23:56 ubuntu init: ttyS0 main process (2952) terminated with status 1
May  9 13:23:56 ubuntu init: ttyS0 main process ended, respawning
May  9 13:24:07 ubuntu init: ttyS0 main process (2961) terminated with status 1
May  9 13:24:07 ubuntu init: ttyS0 main process ended, respawning
May  9 13:24:17 ubuntu init: ttyS0 main process (2979) terminated with status 1
May  9 13:24:17 ubuntu init: ttyS0 main process ended, respawning
May  9 13:24:28 ubuntu init: ttyS0 main process (2989) terminated with status 1
May  9 13:24:28 ubuntu init: ttyS0 main process ended, respawning
May  9 13:24:38 ubuntu init: ttyS0 main process (3000) terminated with status 1
May  9 13:24:38 ubuntu init: ttyS0 main process ended, respawning
May  9 13:24:49 ubuntu init: ttyS0 main process (3020) terminated with status 1
May  9 13:24:49 ubuntu init: ttyS0 main process ended, respawning
May  9 13:24:59 ubuntu init: ttyS0 main process (3034) terminated with status 1
May  9 13:24:59 ubuntu init: ttyS0 main process ended, respawning
May  9 13:25:09 ubuntu init: ttyS0 main process (3048) terminated with status 1
May  9 13:25:09 ubuntu init: ttyS0 main process ended, respawning
May  9 13:25:24 ubuntu init: ttyS0 main process (3070) terminated with status 1
May  9 13:25:24 ubuntu init: ttyS0 main process ended, respawning
May  9 13:25:35 ubuntu init: ttyS0 main process (3086) terminated with status 1
May  9 13:25:36 ubuntu init: ttyS0 main process ended, respawning
May  9 13:25:47 ubuntu init: ttyS0 main process (3090) terminated with status 1
May  9 13:25:47 ubuntu init: ttyS0 main process ended, respawning
May  9 13:25:57 ubuntu init: ttyS0 main process (3132) terminated with status 1
May  9 13:25:57 ubuntu init: ttyS0 main process ended, respawning
May  9 13:26:03 ubuntu dbus-daemon: Reloaded configuration
May  9 13:26:08 ubuntu init: ttyS0 main process (3158) terminated with status 1
May  9 13:26:08 ubuntu init: ttyS0 main process ended, respawning
May  9 13:26:18 ubuntu init: ttyS0 main process (3174) terminated with status 1
May  9 13:26:18 ubuntu init: ttyS0 main process ended, respawning
May  9 13:26:28 ubuntu init: ttyS0 main process (3175) terminated with status 1
May  9 13:26:28 ubuntu init: ttyS0 main process ended, respawning
May  9 13:26:38 ubuntu init: ttyS0 main process (3176) terminated with status 1
May  9 13:26:38 ubuntu init: ttyS0 main process ended, respawning
May  9 13:26:48 ubuntu init: tty4 main process (1267) killed by TERM signal
May  9 13:26:48 ubuntu init: tty5 main process (1268) killed by TERM signal
May  9 13:26:48 ubuntu init: tty2 main process (1279) killed by TERM signal
May  9 13:26:48 ubuntu init: tty3 main process (1316) killed by TERM signal
May  9 13:26:48 ubuntu init: tty6 main process (1317) killed by TERM signal
May  9 13:26:48 ubuntu init: tty1 main process (1601) killed by TERM signal
May  9 13:26:48 ubuntu init: ttyS0 main process (3177) killed by TERM signal
May  9 13:27:03 ubuntu console-kit-daemon[1406]: WARNING: Couldn't read /proc/1402/environ: Failed to open file '/proc/1402/environ': No such file or directory 
May  9 13:27:07 ubuntu exiting on signal 15
May  9 13:29:40 ubuntu syslogd 1.5.0#5ubuntu3: restart.
May  9 13:29:42 ubuntu init: ttyS0 main process (1274) terminated with status 1
May  9 13:29:42 ubuntu init: ttyS0 main process ended, respawning
May  9 13:29:43 ubuntu kernel: Cannot find map file.
May  9 13:29:43 ubuntu kernel: Loaded 20944 symbols from 1 module.
May  9 13:29:43 ubuntu kernel: Linux version 2.6.28-6-versatile (buildd@kahikatea) (gcc version 4.3.3 (Ubuntu 4.3.3-3ubuntu1) ) #17-Ubuntu Fri Jan 30 19:18:31 UTC 2009 (Ubuntu 2.6.28-6.17-versatile)
May  9 13:29:43 ubuntu kernel: CPU: ARM926EJ-S [41069265] revision 5 (ARMv5TEJ), cr=00093177
May  9 13:29:43 ubuntu kernel: CPU: VIVT data cache, VIVT instruction cache
May  9 13:29:43 ubuntu kernel: Machine: ARM-Versatile PB
May  9 13:29:43 ubuntu kernel: Memory policy: ECC disabled, Data cache writeback
May  9 13:29:43 ubuntu kernel: On node 0 totalpages: 65536
May  9 13:29:43 ubuntu kernel: free_area_init_node: node 0, pgdat c0355334, node_mem_map c0378000
May  9 13:29:43 ubuntu kernel:   Normal zone: 512 pages used for memmap
May  9 13:29:43 ubuntu kernel:   Normal zone: 0 pages reserved
May  9 13:29:43 ubuntu kernel:   Normal zone: 65024 pages, LIFO batch:15
May  9 13:29:43 ubuntu kernel:   Movable zone: 0 pages used for memmap
May  9 13:29:43 ubuntu kernel: Built 1 zonelists in Zone order, mobility grouping on.  Total pages: 65024
May  9 13:29:43 ubuntu kernel: Kernel command line: root=/dev/sda mem=256M
May  9 13:29:43 ubuntu kernel: PID hash table entries: 1024 (order: 10, 4096 bytes)
May  9 13:29:43 ubuntu kernel: Console: colour dummy device 80x30
May  9 13:29:43 ubuntu kernel: console [tty0] enabled
May  9 13:29:43 ubuntu kernel: Dentry cache hash table entries: 32768 (order: 5, 131072 bytes)
May  9 13:29:43 ubuntu kernel: Inode-cache hash table entries: 16384 (order: 4, 65536 bytes)
May  9 13:29:43 ubuntu kernel: Memory: 256MB = 256MB total
May  9 13:29:43 ubuntu kernel: Memory: 256128KB available (3132K code, 237K data, 136K init)
May  9 13:29:43 ubuntu kernel: Calibrating delay loop... 276.07 BogoMIPS (lpj=1380352)
May  9 13:29:43 ubuntu kernel: Mount-cache hash table entries: 512
May  9 13:29:43 ubuntu kernel: CPU: Testing write buffer coherency: ok
May  9 13:29:43 ubuntu kernel: net_namespace: 288 bytes
May  9 13:29:43 ubuntu kernel: NET: Registered protocol family 16
May  9 13:29:43 ubuntu kernel: PCI core found (slot 11)
May  9 13:29:43 ubuntu kernel: pci 0000:00:0c.0: reg 10 io port: [0x44000000-0x440000ff]
May  9 13:29:43 ubuntu kernel: pci 0000:00:0c.0: reg 14 32bit mmio: [0x50002000-0x500023ff]
May  9 13:29:43 ubuntu kernel: pci 0000:00:0c.0: reg 18 32bit mmio: [0x50000000-0x50001fff]
May  9 13:29:43 ubuntu kernel: PCI: bus0: Fast back to back transfers disabled
May  9 13:29:43 ubuntu kernel: PCI map irq: slot 0, pin 1, devslot 12, irq: 27
May  9 13:29:43 ubuntu kernel: SCSI subsystem initialized
May  9 13:29:43 ubuntu kernel: libata version 3.00 loaded.
May  9 13:29:43 ubuntu kernel: NET: Registered protocol family 2
May  9 13:29:43 ubuntu kernel: IP route cache hash table entries: 2048 (order: 1, 8192 bytes)
May  9 13:29:43 ubuntu kernel: TCP established hash table entries: 8192 (order: 4, 65536 bytes)
May  9 13:29:43 ubuntu kernel: TCP bind hash table entries: 8192 (order: 3, 32768 bytes)
May  9 13:29:43 ubuntu kernel: TCP: Hash tables configured (established 8192 bind 8192)
May  9 13:29:43 ubuntu kernel: TCP reno registered
May  9 13:29:43 ubuntu kernel: NET: Registered protocol family 1
May  9 13:29:43 ubuntu kernel: NetWinder Floating Point Emulator V0.97 (double precision)
May  9 13:29:43 ubuntu kernel: Installing knfsd (copyright (C) 1996 okir@monad.swb.de).
May  9 13:29:43 ubuntu kernel: JFFS2 version 2.2. (NAND) © 2001-2006 Red Hat, Inc.
May  9 13:29:43 ubuntu kernel: msgmni has been set to 500
May  9 13:29:43 ubuntu kernel: io scheduler noop registered
May  9 13:29:43 ubuntu kernel: io scheduler anticipatory registered (default)
May  9 13:29:43 ubuntu kernel: io scheduler deadline registered
May  9 13:29:43 ubuntu kernel: io scheduler cfq registered
May  9 13:29:43 ubuntu kernel: CLCD: unknown LCD panel ID 0x00001000, using VGA
May  9 13:29:43 ubuntu kernel: CLCD: Versatile hardware, VGA display
May  9 13:29:43 ubuntu kernel: Clock CLCDCLK: setting VCO reg params: S=1 R=99 V=98
May  9 13:29:43 ubuntu kernel: Console: switching to colour frame buffer device 80x30
May  9 13:29:43 ubuntu kernel: Serial: AMBA PL011 UART driver
May  9 13:29:43 ubuntu kernel: dev:f1: ttyAMA0 at MMIO 0x101f1000 (irq = 12) is a AMBA/PL011
May  9 13:29:43 ubuntu kernel: dev:f2: ttyAMA1 at MMIO 0x101f2000 (irq = 13) is a AMBA/PL011
May  9 13:29:43 ubuntu kernel: dev:f3: ttyAMA2 at MMIO 0x101f3000 (irq = 14) is a AMBA/PL011
May  9 13:29:43 ubuntu kernel: fpga:09: ttyAMA3 at MMIO 0x10009000 (irq = 38) is a AMBA/PL011
May  9 13:29:43 ubuntu kernel: brd: module loaded
May  9 13:29:43 ubuntu kernel: loop: module loaded
May  9 13:29:43 ubuntu kernel: tun: Universal TUN/TAP device driver, 1.6
May  9 13:29:43 ubuntu kernel: tun: (C) 1999-2004 Max Krasnyansky <maxk@qualcomm.com>
May  9 13:29:43 ubuntu kernel: smc91x.c: v1.1, sep 22 2004 by Nicolas Pitre <nico@cam.org>
May  9 13:29:43 ubuntu kernel: eth0: SMC91C11xFD (rev 1) at d08d6000 IRQ 25 [nowait]
May  9 13:29:43 ubuntu kernel: eth0: Ethernet addr: 52:54:00:12:34:56
May  9 13:29:43 ubuntu kernel: eth0: No PHY found
May  9 13:29:43 ubuntu kernel: sym0: <895a> rev 0x0 at pci 0000:00:0c.0 irq 27
May  9 13:29:43 ubuntu kernel: sym0: No NVRAM, ID 7, Fast-40, LVD, parity checking
May  9 13:29:43 ubuntu kernel: sym0: SCSI BUS has been reset.
May  9 13:29:43 ubuntu kernel: scsi0 : sym-2.2.3
May  9 13:29:43 ubuntu kernel: scsi 0:0:0:0: Direct-Access     QEMU     QEMU HARDDISK    0.10 PQ: 0 ANSI: 3
May  9 13:29:43 ubuntu kernel:  target0:0:0: tagged command queuing enabled, command queue depth 16.
May  9 13:29:43 ubuntu kernel:  target0:0:0: Beginning Domain Validation
May  9 13:29:43 ubuntu kernel:  target0:0:0: Domain Validation skipping write tests
May  9 13:29:43 ubuntu kernel:  target0:0:0: Ending Domain Validation
May  9 13:29:43 ubuntu kernel: scsi 0:0:2:0: CD-ROM            QEMU     QEMU CD-ROM      0.10 PQ: 0 ANSI: 3
May  9 13:29:43 ubuntu kernel:  target0:0:2: tagged command queuing enabled, command queue depth 16.
May  9 13:29:43 ubuntu kernel:  target0:0:2: Beginning Domain Validation
May  9 13:29:43 ubuntu kernel:  target0:0:2: Domain Validation skipping write tests
May  9 13:29:43 ubuntu kernel:  target0:0:2: Ending Domain Validation
May  9 13:29:43 ubuntu kernel: Driver 'sd' needs updating - please use bus_type methods
May  9 13:29:43 ubuntu kernel: sd 0:0:0:0: [sda] 4194304 512-byte hardware sectors: (2.14 GB/2.00 GiB)
May  9 13:29:43 ubuntu kernel: sd 0:0:0:0: [sda] Write Protect is off
May  9 13:29:43 ubuntu kernel: sd 0:0:0:0: [sda] Mode Sense: 14 00 00 00
May  9 13:29:43 ubuntu kernel: sd 0:0:0:0: [sda] Write cache: enabled, read cache: enabled, doesn't support DPO or FUA
May  9 13:29:43 ubuntu kernel: sd 0:0:0:0: [sda] 4194304 512-byte hardware sectors: (2.14 GB/2.00 GiB)
May  9 13:29:43 ubuntu kernel: sd 0:0:0:0: [sda] Write Protect is off
May  9 13:29:43 ubuntu kernel: sd 0:0:0:0: [sda] Mode Sense: 14 00 00 00
May  9 13:29:43 ubuntu kernel: sd 0:0:0:0: [sda] Write cache: enabled, read cache: enabled, doesn't support DPO or FUA
May  9 13:29:43 ubuntu kernel:  sda: unknown partition table
May  9 13:29:43 ubuntu kernel: sd 0:0:0:0: [sda] Attached SCSI disk
May  9 13:29:43 ubuntu kernel: mice: PS/2 mouse device common for all mice
May  9 13:29:43 ubuntu kernel: rtc-pl031 dev:e8: rtc core: registered pl031 as rtc0
May  9 13:29:43 ubuntu kernel: md: linear personality registered for level -1
May  9 13:29:43 ubuntu kernel: md: multipath personality registered for level -4
May  9 13:29:43 ubuntu kernel: md: faulty personality registered for level -5
May  9 13:29:43 ubuntu kernel: device-mapper: ioctl: 4.14.0-ioctl (2008-04-23) initialised: dm-devel@redhat.com
May  9 13:29:43 ubuntu kernel: TCP cubic registered
May  9 13:29:43 ubuntu kernel: NET: Registered protocol family 17
May  9 13:29:43 ubuntu kernel: RPC: Registered udp transport module.
May  9 13:29:43 ubuntu kernel: RPC: Registered tcp transport module.
May  9 13:29:43 ubuntu kernel: VFP support v0.3: implementor 41 architecture 1 part 10 variant 9 rev 0
May  9 13:29:43 ubuntu kernel: rtc-pl031 dev:e8: setting system clock to 2009-05-09 05:27:25 UTC (1241846845)
May  9 13:29:43 ubuntu kernel: input: AT Raw Set 2 keyboard as /class/input/input0
May  9 13:29:43 ubuntu kernel: input: ImExPS/2 Generic Explorer Mouse as /class/input/input1
